Component: ARM Compiler 5.06 update 7 (build 960) Tool: armlink [4d3601]

==============================================================================

Section Cross References

    startup_stm32f407xx.o(STACK) refers (Special) to heapauxi.o(.text) for __use_two_region_memory
    startup_stm32f407xx.o(HEAP) refers (Special) to heapauxi.o(.text) for __use_two_region_memory
    startup_stm32f407xx.o(RESET) refers (Special) to heapauxi.o(.text) for __use_two_region_memory
    startup_stm32f407xx.o(RESET) refers to startup_stm32f407xx.o(STACK) for __initial_sp
    startup_stm32f407xx.o(RESET) refers to startup_stm32f407xx.o(.text) for Reset_Handler
    startup_stm32f407xx.o(RESET) refers to stm32f4xx_it.o(i.NMI_Handler) for NMI_Handler
    startup_stm32f407xx.o(RESET) refers to stm32f4xx_it.o(i.HardFault_Handler) for HardFault_Handler
    startup_stm32f407xx.o(RESET) refers to stm32f4xx_it.o(i.MemManage_Handler) for MemManage_Handler
    startup_stm32f407xx.o(RESET) refers to stm32f4xx_it.o(i.BusFault_Handler) for BusFault_Handler
    startup_stm32f407xx.o(RESET) refers to stm32f4xx_it.o(i.UsageFault_Handler) for UsageFault_Handler
    startup_stm32f407xx.o(RESET) refers to port.o(.emb_text) for SVC_Handler
    startup_stm32f407xx.o(RESET) refers to stm32f4xx_it.o(i.DebugMon_Handler) for DebugMon_Handler
    startup_stm32f407xx.o(RESET) refers to port.o(i.SysTick_Handler) for SysTick_Handler
    startup_stm32f407xx.o(RESET) refers to stm32f4xx_it.o(i.DMA1_Stream0_IRQHandler) for DMA1_Stream0_IRQHandler
    startup_stm32f407xx.o(RESET) refers to stm32f4xx_it.o(i.DMA1_Stream2_IRQHandler) for DMA1_Stream2_IRQHandler
    startup_stm32f407xx.o(RESET) refers to stm32f4xx_it.o(i.DMA1_Stream4_IRQHandler) for DMA1_Stream4_IRQHandler
    startup_stm32f407xx.o(RESET) refers to stm32f4xx_it.o(i.TIM1_UP_TIM10_IRQHandler) for TIM1_UP_TIM10_IRQHandler
    startup_stm32f407xx.o(RESET) refers to stm32f4xx_it.o(i.DMA1_Stream7_IRQHandler) for DMA1_Stream7_IRQHandler
    startup_stm32f407xx.o(RESET) refers to stm32f4xx_it.o(i.UART4_IRQHandler) for UART4_IRQHandler
    startup_stm32f407xx.o(RESET) refers to stm32f4xx_it.o(i.UART5_IRQHandler) for UART5_IRQHandler
    startup_stm32f407xx.o(.text) refers (Special) to heapauxi.o(.text) for __use_two_region_memory
    startup_stm32f407xx.o(.text) refers to system_stm32f4xx.o(i.SystemInit) for SystemInit
    startup_stm32f407xx.o(.text) refers to __main.o(!!!main) for __main
    startup_stm32f407xx.o(.text) refers to startup_stm32f407xx.o(HEAP) for Heap_Mem
    startup_stm32f407xx.o(.text) refers to startup_stm32f407xx.o(STACK) for Stack_Mem
    main.o(i.HAL_TIM_PeriodElapsedCallback) refers to stm32f4xx_hal.o(i.HAL_IncTick) for HAL_IncTick
    main.o(i.SystemClock_Config) refers to rt_memclr_w.o(.text) for __aeabi_memclr4
    main.o(i.SystemClock_Config) refers to stm32f4xx_hal_rcc.o(i.HAL_RCC_OscConfig) for HAL_RCC_OscConfig
    main.o(i.SystemClock_Config) refers to main.o(i.Error_Handler) for Error_Handler
    main.o(i.SystemClock_Config) refers to stm32f4xx_hal_rcc.o(i.HAL_RCC_ClockConfig) for HAL_RCC_ClockConfig
    main.o(i.main) refers to stm32f4xx_hal.o(i.HAL_Init) for HAL_Init
    main.o(i.main) refers to main.o(i.SystemClock_Config) for SystemClock_Config
    main.o(i.main) refers to gpio.o(i.MX_GPIO_Init) for MX_GPIO_Init
    main.o(i.main) refers to dma.o(i.MX_DMA_Init) for MX_DMA_Init
    main.o(i.main) refers to usart.o(i.MX_UART4_Init) for MX_UART4_Init
    main.o(i.main) refers to usart.o(i.MX_UART5_Init) for MX_UART5_Init
    main.o(i.main) refers to freertos.o(i.MX_FREERTOS_Init) for MX_FREERTOS_Init
    main.o(i.main) refers to cmsis_os.o(i.osKernelStart) for osKernelStart
    freertos.o(i.MX_FREERTOS_Init) refers to rt_memcpy_w.o(.text) for __aeabi_memcpy4
    freertos.o(i.MX_FREERTOS_Init) refers to cmsis_os.o(i.osThreadCreate) for osThreadCreate
    freertos.o(i.MX_FREERTOS_Init) refers to freertos.o(.constdata) for .constdata
    freertos.o(i.MX_FREERTOS_Init) refers to freertos.o(.data) for defaultTaskHandle
    freertos.o(i.StartDefaultTask) refers to cmsis_os.o(i.osDelay) for osDelay
    freertos.o(i.vApplicationGetIdleTaskMemory) refers to freertos.o(.bss) for xIdleTaskTCBBuffer
    freertos.o(.constdata) refers to freertos.o(.conststring) for .conststring
    freertos.o(.constdata) refers to freertos.o(i.StartDefaultTask) for StartDefaultTask
    freertos.o(.constdata) refers to trackingtask.o(i.StartTrackingTask) for StartTrackingTask
    dma.o(i.MX_DMA_Init) refers to stm32f4xx_hal_cortex.o(i.HAL_NVIC_SetPriority) for HAL_NVIC_SetPriority
    dma.o(i.MX_DMA_Init) refers to stm32f4xx_hal_cortex.o(i.HAL_NVIC_EnableIRQ) for HAL_NVIC_EnableIRQ
    usart.o(i.HAL_UART_MspDeInit) refers to stm32f4xx_hal_gpio.o(i.HAL_GPIO_DeInit) for HAL_GPIO_DeInit
    usart.o(i.HAL_UART_MspDeInit) refers to stm32f4xx_hal_dma.o(i.HAL_DMA_DeInit) for HAL_DMA_DeInit
    usart.o(i.HAL_UART_MspDeInit) refers to stm32f4xx_hal_cortex.o(i.HAL_NVIC_DisableIRQ) for HAL_NVIC_DisableIRQ
[...]
    i.HAL_NVIC_SetPriority                   0x0800145c   Section        0  stm32f4xx_hal_cortex.o(i.HAL_NVIC_SetPriority)
    i.HAL_NVIC_SetPriorityGrouping           0x080014d8   Section        0  stm32f4xx_hal_cortex.o(i.HAL_NVIC_SetPriorityGrouping)
    i.HAL_RCC_ClockConfig                    0x08001500   Section        0  stm32f4xx_hal_rcc.o(i.HAL_RCC_ClockConfig)
    i.HAL_RCC_GetClockConfig                 0x08001684   Section        0  stm32f4xx_hal_rcc.o(i.HAL_RCC_GetClockConfig)
    i.HAL_RCC_GetHCLKFreq                    0x080016c8   Section        0  stm32f4xx_hal_rcc.o(i.HAL_RCC_GetHCLKFreq)
    i.HAL_RCC_GetPCLK1Freq                   0x080016d4   Section        0  stm32f4xx_hal_rcc.o(i.HAL_RCC_GetPCLK1Freq)
    i.HAL_RCC_GetPCLK2Freq                   0x080016f4   Section        0  stm32f4xx_hal_rcc.o(i.HAL_RCC_GetPCLK2Freq)
    i.HAL_RCC_GetSysClockFreq                0x08001714   Section        0  stm32f4xx_hal_rcc.o(i.HAL_RCC_GetSysClockFreq)
    i.HAL_RCC_OscConfig                      0x080017c4   Section        0  stm32f4xx_hal_rcc.o(i.HAL_RCC_OscConfig)
    i.HAL_TIMEx_BreakCallback                0x08001c60   Section        0  stm32f4xx_hal_tim_ex.o(i.HAL_TIMEx_BreakCallback)
    i.HAL_TIMEx_CommutCallback               0x08001c62   Section        0  stm32f4xx_hal_tim_ex.o(i.HAL_TIMEx_CommutCallback)
    i.HAL_TIM_Base_Init                      0x08001c64   Section        0  stm32f4xx_hal_tim.o(i.HAL_TIM_Base_Init)
    i.HAL_TIM_Base_MspInit                   0x08001cca   Section        0  stm32f4xx_hal_tim.o(i.HAL_TIM_Base_MspInit)
    i.HAL_TIM_Base_Start_IT                  0x08001ccc   Section        0  stm32f4xx_hal_tim.o(i.HAL_TIM_Base_Start_IT)
    i.HAL_TIM_IC_CaptureCallback             0x08001d74   Section        0  stm32f4xx_hal_tim.o(i.HAL_TIM_IC_CaptureCallback)
    i.HAL_TIM_IRQHandler                     0x08001d76   Section        0  stm32f4xx_hal_tim.o(i.HAL_TIM_IRQHandler)
    i.HAL_TIM_OC_DelayElapsedCallback        0x08001ee2   Section        0  stm32f4xx_hal_tim.o(i.HAL_TIM_OC_DelayElapsedCallback)
    i.HAL_TIM_PWM_PulseFinishedCallback      0x08001ee4   Section        0  stm32f4xx_hal_tim.o(i.HAL_TIM_PWM_PulseFinishedCallback)
    i.HAL_TIM_PeriodElapsedCallback          0x08001ee8   Section        0  main.o(i.HAL_TIM_PeriodElapsedCallback)
    i.HAL_TIM_TriggerCallback                0x08001f00   Section        0  stm32f4xx_hal_tim.o(i.HAL_TIM_TriggerCallback)
    i.HAL_UARTEx_RxEventCallback             0x08001f02   Section        0  stm32f4xx_hal_uart.o(i.HAL_UARTEx_RxEventCallback)
    i.HAL_UART_ErrorCallback                 0x08001f04   Section        0  stm32f4xx_hal_uart.o(i.HAL_UART_ErrorCallback)
    i.HAL_UART_IRQHandler                    0x08001f08   Section        0  stm32f4xx_hal_uart.o(i.HAL_UART_IRQHandler)
    i.HAL_UART_Init                          0x080021f0   Section        0  stm32f4xx_hal_uart.o(i.HAL_UART_Init)
    i.HAL_UART_MspInit                       0x08002268   Section        0  usart.o(i.HAL_UART_MspInit)
    i.HAL_UART_RxCpltCallback                0x080024c0   Section        0  stm32f4xx_hal_uart.o(i.HAL_UART_RxCpltCallback)
    i.HAL_UART_TxCpltCallback                0x080024c2   Section        0  stm32f4xx_hal_uart.o(i.HAL_UART_TxCpltCallback)
    i.HardFault_Handler                      0x080024c4   Section        0  stm32f4xx_it.o(i.HardFault_Handler)
    i.MX_DMA_Init                            0x080024c8   Section        0  dma.o(i.MX_DMA_Init)
    i.MX_FREERTOS_Init                       0x08002530   Section        0  freertos.o(i.MX_FREERTOS_Init)
    i.MX_GPIO_Init                           0x08002574   Section        0  gpio.o(i.MX_GPIO_Init)
    i.MX_UART4_Init                          0x080025f8   Section        0  usart.o(i.MX_UART4_Init)
    i.MX_UART5_Init                          0x08002630   Section        0  usart.o(i.MX_UART5_Init)
    i.MemManage_Handler                      0x08002668   Section        0  stm32f4xx_it.o(i.MemManage_Handler)
    i.N10laser_decode                        0x0800266c   Section        0  trackingtask.o(i.N10laser_decode)
    i.NMI_Handler                            0x08002840   Section        0  stm32f4xx_it.o(i.NMI_Handler)
    i.StartDefaultTask                       0x08002844   Section        0  freertos.o(i.StartDefaultTask)
    i.StartTrackingTask                      0x08002850   Section        0  trackingtask.o(i.StartTrackingTask)
    i.SysTick_Handler                        0x08002980   Section        0  port.o(i.SysTick_Handler)
    i.SystemClock_Config                     0x080029b4   Section        0  main.o(i.SystemClock_Config)
    i.SystemInit                             0x08002a6c   Section        0  system_stm32f4xx.o(i.SystemInit)
    i.TIM1_UP_TIM10_IRQHandler               0x08002a80   Section        0  stm32f4xx_it.o(i.TIM1_UP_TIM10_IRQHandler)
    i.TIM_Base_SetConfig                     0x08002a90   Section        0  stm32f4xx_hal_tim.o(i.TIM_Base_SetConfig)
    i.UART4_IRQHandler                       0x08002b78   Section        0  stm32f4xx_it.o(i.UART4_IRQHandler)
    i.UART5_IRQHandler                       0x08002b88   Section        0  stm32f4xx_it.o(i.UART5_IRQHandler)
    i.UART_DMAAbortOnError                   0x08002b9c   Section        0  stm32f4xx_hal_uart.o(i.UART_DMAAbortOnError)
    UART_DMAAbortOnError                     0x08002b9d   Thumb Code    20  stm32f4xx_hal_uart.o(i.UART_DMAAbortOnError)
    i.UART_EndRxTransfer                     0x08002bb0   Section        0  stm32f4xx_hal_uart.o(i.UART_EndRxTransfer)
    UART_EndRxTransfer                       0x08002bb1   Thumb Code   108  stm32f4xx_hal_uart.o(i.UART_EndRxTransfer)
    i.UART_EndTransmit_IT                    0x08002c1c   Section        0  stm32f4xx_hal_uart.o(i.UART_EndTransmit_IT)
    UART_EndTransmit_IT                      0x08002c1d   Thumb Code    32  stm32f4xx_hal_uart.o(i.UART_EndTransmit_IT)
    i.UART_Receive_IT                        0x08002c3c   Section        0  stm32f4xx_hal_uart.o(i.UART_Receive_IT)
    UART_Receive_IT                          0x08002c3d   Thumb Code   252  stm32f4xx_hal_uart.o(i.UART_Receive_IT)
    i.UART_SetConfig                         0x08002d38   Section        0  stm32f4xx_hal_uart.o(i.UART_SetConfig)
    UART_SetConfig                           0x08002d39   Thumb Code   546  stm32f4xx_hal_uart.o(i.UART_SetConfig)
    i.UART_Transmit_IT                       0x08002f64   Section        0  stm32f4xx_hal_uart.o(i.UART_Transmit_IT)
    UART_Transmit_IT                         0x08002f65   Thumb Code    96  stm32f4xx_hal_uart.o(i.UART_Transmit_IT)
    i.USART_Init                             0x08002fc4   Section        0  drv_uart.o(i.USART_Init)
    i.UsageFault_Handler                     0x08003104   Section        0  stm32f4xx_it.o(i.UsageFault_Handler)
    i.Verify_CRC8_Check_Sum                  0x08003108   Section        0  crc8_8540.o(i.Verify_CRC8_Check_Sum)
    i.__NVIC_GetPriorityGrouping             0x08003138   Section        0  stm32f4xx_hal_cortex.o(i.__NVIC_GetPriorityGrouping)
    __NVIC_GetPriorityGrouping               0x08003139   Thumb Code    10  stm32f4xx_hal_cortex.o(i.__NVIC_GetPriorityGrouping)
    i.__NVIC_SetPriority                     0x08003148   Section        0  stm32f4xx_hal_cortex.o(i.__NVIC_SetPriority)
    __NVIC_SetPriority                       0x08003149   Thumb Code    32  stm32f4xx_hal_cortex.o(i.__NVIC_SetPriority)
    i.__hardfp_fabs                          0x08003170   Section        0  fabs.o(i.__hardfp_fabs)
    i.bubble_sort                            0x08003184   Section        0  trackingtask.o(i.bubble_sort)
    i.dma_m0_rxcplt_callback                 0x080031f4   Section        0  drv_uart.o(i.dma_m0_rxcplt_callback)
    dma_m0_rxcplt_callback                   0x080031f5   Thumb Code   174  drv_uart.o(i.dma_m0_rxcplt_callback)
    i.dma_m1_rxcplt_callback                 0x080032f0   Section        0  drv_uart.o(i.dma_m1_rxcplt_callback)
    dma_m1_rxcplt_callback                   0x080032f1   Thumb Code   174  drv_uart.o(i.dma_m1_rxcplt_callback)
    i.filter_point                           0x080033ec   Section        0  trackingtask.o(i.filter_point)
    i.main                                   0x08003568   Section        0  main.o(i.main)
    i.makeFreeRtosPriority                   0x0800358c   Section        0  cmsis_os.o(i.makeFreeRtosPriority)
    makeFreeRtosPriority                     0x0800358d   Thumb Code    14  cmsis_os.o(i.makeFreeRtosPriority)
    i.osDelay                                0x0800359a   Section        0  cmsis_os.o(i.osDelay)
    i.osKernelStart                          0x080035b2   Section        0  cmsis_os.o(i.osKernelStart)
    i.osThreadCreate                         0x080035bc   Section        0  cmsis_os.o(i.osThreadCreate)
    i.prvAddCurrentTaskToDelayedList         0x0800361c   Section        0  tasks.o(i.prvAddCurrentTaskToDelayedList)
    prvAddCurrentTaskToDelayedList           0x0800361d   Thumb Code   124  tasks.o(i.prvAddCurrentTaskToDelayedList)
    i.prvAddNewTaskToReadyList               0x080036b4   Section        0  tasks.o(i.prvAddNewTaskToReadyList)
    prvAddNewTaskToReadyList                 0x080036b5   Thumb Code   150  tasks.o(i.prvAddNewTaskToReadyList)
    i.prvCheckTasksWaitingTermination        0x08003768   Section        0  tasks.o(i.prvCheckTasksWaitingTermination)
    prvCheckTasksWaitingTermination          0x08003769   Thumb Code    60  tasks.o(i.prvCheckTasksWaitingTermination)
    i.prvDeleteTCB                           0x080037b0   Section        0  tasks.o(i.prvDeleteTCB)
    prvDeleteTCB                             0x080037b1   Thumb Code    80  tasks.o(i.prvDeleteTCB)
    i.prvHeapInit                            0x08003800   Section        0  heap_4.o(i.prvHeapInit)
    prvHeapInit                              0x08003801   Thumb Code    98  heap_4.o(i.prvHeapInit)
    i.prvIdleTask                            0x0800387c   Section        0  tasks.o(i.prvIdleTask)
    prvIdleTask                              0x0800387d   Thumb Code    32  tasks.o(i.prvIdleTask)
    i.prvInitialiseNewTask                   0x080038a4   Section        0  tasks.o(i.prvInitialiseNewTask)
    prvInitialiseNewTask                     0x080038a5   Thumb Code   180  tasks.o(i.prvInitialiseNewTask)
    i.prvInitialiseTaskLists                 0x08003958   Section        0  tasks.o(i.prvInitialiseTaskLists)
    prvInitialiseTaskLists                   0x08003959   Thumb Code    70  tasks.o(i.prvInitialiseTaskLists)
    i.prvInsertBlockIntoFreeList             0x080039c0   Section        0  heap_4.o(i.prvInsertBlockIntoFreeList)
    prvInsertBlockIntoFreeList               0x080039c1   Thumb Code    96  heap_4.o(i.prvInsertBlockIntoFreeList)
    i.prvResetNextTaskUnblockTime            0x08003a28   Section        0  tasks.o(i.prvResetNextTaskUnblockTime)
    prvResetNextTaskUnblockTime              0x08003a29   Thumb Code    42  tasks.o(i.prvResetNextTaskUnblockTime)
    i.prvTaskExitError                       0x08003a5c   Section        0  port.o(i.prvTaskExitError)
    prvTaskExitError                         0x08003a5d   Thumb Code    60  port.o(i.prvTaskExitError)
    i.pvPortMalloc                           0x08003a9c   Section        0  heap_4.o(i.pvPortMalloc)
    i.pxPortInitialiseStack                  0x08003be8   Section        0  port.o(i.pxPortInitialiseStack)
    i.uart_rx_idle_callback                  0x08003c14   Section        0  drv_uart.o(i.uart_rx_idle_callback)
    uart_rx_idle_callback                    0x08003c15   Thumb Code   242  drv_uart.o(i.uart_rx_idle_callback)
    i.uxListRemove                           0x08003d40   Section        0  list.o(i.uxListRemove)
    i.vApplicationGetIdleTaskMemory          0x08003d68   Section        0  freertos.o(i.vApplicationGetIdleTaskMemory)
    i.vListInitialise                        0x08003d80   Section        0  list.o(i.vListInitialise)
    i.vListInitialiseItem                    0x08003d9a   Section        0  list.o(i.vListInitialiseItem)
    i.vListInsert                            0x08003da0   Section        0  list.o(i.vListInsert)
    i.vListInsertEnd                         0x08003dd4   Section        0  list.o(i.vListInsertEnd)
    i.vPortEnterCritical                     0x08003dec   Section        0  port.o(i.vPortEnterCritical)
    i.vPortExitCritical                      0x08003e40   Section        0  port.o(i.vPortExitCritical)
    i.vPortFree                              0x08003e7c   Section        0  heap_4.o(i.vPortFree)
    i.vPortSetupTimerInterrupt               0x08003f20   Section        0  port.o(i.vPortSetupTimerInterrupt)
    i.vTaskDelay                             0x08003f48   Section        0  tasks.o(i.vTaskDelay)
    i.vTaskStartScheduler                    0x08003fa4   Section        0  tasks.o(i.vTaskStartScheduler)
    i.vTaskSuspendAll                        0x08004054   Section        0  tasks.o(i.vTaskSuspendAll)
    i.vTaskSwitchContext                     0x08004064   Section        0  tasks.o(i.vTaskSwitchContext)
    i.xPortStartScheduler                    0x080040f0   Section        0  port.o(i.xPortStartScheduler)
    i.xTaskCreate                            0x08004258   Section        0  tasks.o(i.xTaskCreate)
    i.xTaskCreateStatic                      0x080042bc   Section        0  tasks.o(i.xTaskCreateStatic)
    i.xTaskIncrementTick                     0x08004378   Section        0  tasks.o(i.xTaskIncrementTick)
    i.xTaskResumeAll                         0x080044c0   Section        0  tasks.o(i.xTaskResumeAll)
    x$fpl$dadd                               0x080045c4   Section      336  daddsub_clz.o(x$fpl$dadd)
    $v0                                      0x080045c4   Number         0  daddsub_clz.o(x$fpl$dadd)
    _dadd1                                   0x080045d5   Thumb Code     0  daddsub_clz.o(x$fpl$dadd)
    x$fpl$dcmpinf                            0x08004714   Section       24  dcmpi.o(x$fpl$dcmpinf)
    $v0                                      0x08004714   Number         0  dcmpi.o(x$fpl$dcmpinf)
    x$fpl$dflt                               0x0800472c   Section       46  dflt_clz.o(x$fpl$dflt)
    $v0                                      0x0800472c   Number         0  dflt_clz.o(x$fpl$dflt)
    x$fpl$dleqf                              0x0800475c   Section      120  dleqf.o(x$fpl$dleqf)
    $v0                                      0x0800475c   Number         0  dleqf.o(x$fpl$dleqf)
    x$fpl$dmul                               0x080047d4   Section      340  dmul.o(x$fpl$dmul)
    $v0                                      0x080047d4   Number         0  dmul.o(x$fpl$dmul)
    x$fpl$dnaninf                            0x08004928   Section      156  dnaninf.o(x$fpl$dnaninf)
    $v0                                      0x08004928   Number         0  dnaninf.o(x$fpl$dnaninf)
    x$fpl$dretinf                            0x080049c4   Section       12  dretinf.o(x$fpl$dretinf)
    $v0                                      0x080049c4   Number         0  dretinf.o(x$fpl$dretinf)
    x$fpl$dsub                               0x080049d0   Section      468  daddsub_clz.o(x$fpl$dsub)
    $v0                                      0x080049d0   Number         0  daddsub_clz.o(x$fpl$dsub)
    _dsub1                                   0x080049e1   Thumb Code     0  daddsub_clz.o(x$fpl$dsub)
    x$fpl$f2d                                0x08004ba4   Section       86  f2d.o(x$fpl$f2d)
    $v0                                      0x08004ba4   Number         0  f2d.o(x$fpl$f2d)
    x$fpl$fnaninf                            0x08004bfa   Section      140  fnaninf.o(x$fpl$fnaninf)
    $v0                                      0x08004bfa   Number         0  fnaninf.o(x$fpl$fnaninf)
    x$fpl$fpinit                             0x08004c86   Section       10  fpinit.o(x$fpl$fpinit)
    $v0                                      0x08004c86   Number         0  fpinit.o(x$fpl$fpinit)
    .constdata                               0x08004c90   Section       56  freertos.o(.constdata)
    x$fpl$usenofp                            0x08004c90   Section        0  usenofp.o(x$fpl$usenofp)
    .constdata                               0x08004cc8   Section        8  stm32f4xx_hal_dma.o(.constdata)
    flagBitshiftOffset                       0x08004cc8   Data           8  stm32f4xx_hal_dma.o(.constdata)
    .constdata                               0x08004cd0   Section       24  system_stm32f4xx.o(.constdata)
    .constdata                               0x08004ce8   Section      257  crc8_8540.o(.constdata)
    .constdata                               0x08004dec   Section       24  trackingtask.o(.constdata)
    .conststring                             0x08004e04   Section       24  freertos.o(.conststring)
    .data                                    0x20000000   Section        8  freertos.o(.data)
    .data                                    0x20000008   Section        9  stm32f4xx_hal.o(.data)
    .data                                    0x20000014   Section        4  system_stm32f4xx.o(.data)
    .data                                    0x20000018   Section       60  tasks.o(.data)
    pxDelayedTaskList                        0x2000001c   Data           4  tasks.o(.data)
    pxOverflowDelayedTaskList                0x20000020   Data           4  tasks.o(.data)
    uxDeletedTasksWaitingCleanUp             0x20000024   Data           4  tasks.o(.data)
    uxCurrentNumberOfTasks                   0x20000028   Data           4  tasks.o(.data)
    xTickCount                               0x2000002c   Data           4  tasks.o(.data)
    uxTopReadyPriority                       0x20000030   Data           4  tasks.o(.data)
    xSchedulerRunning                        0x20000034   Data           4  tasks.o(.data)
    xPendedTicks                             0x20000038   Data           4  tasks.o(.data)
    xYieldPending                            0x2000003c   Data           4  tasks.o(.data)
    xNumOfOverflows                          0x20000040   Data           4  tasks.o(.data)
    uxTaskNumber                             0x20000044   Data           4  tasks.o(.data)
    xNextTaskUnblockTime                     0x20000048   Data           4  tasks.o(.data)
    xIdleTaskHandle                          0x2000004c   Data           4  tasks.o(.data)
    uxSchedulerSuspended                     0x20000050   Data           4  tasks.o(.data)
    .data                                    0x20000054   Section       32  heap_4.o(.data)
    xStart                                   0x20000054   Data           8  heap_4.o(.data)
    pxEnd                                    0x2000005c   Data           4  heap_4.o(.data)
    xFreeBytesRemaining                      0x20000060   Data           4  heap_4.o(.data)
    xMinimumEverFreeBytesRemaining           0x20000064   Data           4  heap_4.o(.data)
    xNumberOfSuccessfulAllocations           0x20000068   Data           4  heap_4.o(.data)
    xNumberOfSuccessfulFrees                 0x2000006c   Data           4  heap_4.o(.data)
    xBlockAllocatedBit                       0x20000070   Data           4  heap_4.o(.data)
    .data                                    0x20000074   Section       12  port.o(.data)
    uxCriticalNesting                        0x20000074   Data           4  port.o(.data)
    ucMaxSysCallPriority                     0x20000078   Data           1  port.o(.data)
    ulMaxPRIGROUPValue                       0x2000007c   Data           4  port.o(.data)
    .data                                    0x20000080   Section       56  drv_uart.o(.data)
    uart1_buf_decode                         0x200000a0   Data           4  drv_uart.o(.data)
    uart2_buf_decode                         0x200000a4   Data           4  drv_uart.o(.data)
    uart3_buf_decode                         0x200000a8   Data           4  drv_uart.o(.data)
    uart4_buf_decode                         0x200000ac   Data           4  drv_uart.o(.data)
    uart5_buf_decode                         0x200000b0   Data           4  drv_uart.o(.data)
    uart6_buf_decode                         0x200000b4   Data           4  drv_uart.o(.data)
    .data                                    0x200000b8   Section       72  bsp_dwt.o(.data)
    SysTime                                  0x200000b8   Data           8  bsp_dwt.o(.data)
    CPU_FREQ_Hz                              0x200000c0   Data           4  bsp_dwt.o(.data)
    CPU_FREQ_Hz_ms                           0x200000c4   Data           4  bsp_dwt.o(.data)
    CPU_FREQ_Hz_us                           0x200000c8   Data           4  bsp_dwt.o(.data)
    CYCCNT_RountCount                        0x200000cc   Data           4  bsp_dwt.o(.data)
    CYCCNT_LAST                              0x200000d0   Data           4  bsp_dwt.o(.data)
    CYCCNT64                                 0x200000d8   Data           8  bsp_dwt.o(.data)
    bit_locker                               0x200000e0   Data           1  bsp_dwt.o(.data)
    CNT_TEMP1                                0x200000e8   Data           8  bsp_dwt.o(.data)
    CNT_TEMP2                                0x200000f0   Data           8  bsp_dwt.o(.data)
    CNT_TEMP3                                0x200000f8   Data           8  bsp_dwt.o(.data)
    .data                                    0x20000100   Section       44  trackingtask.o(.data)
    .bss                                     0x2000012c   Section      596  freertos.o(.bss)
    xIdleTaskTCBBuffer                       0x2000012c   Data          84  freertos.o(.bss)
    xIdleStack                               0x20000180   Data         512  freertos.o(.bss)
    .bss                                     0x20000380   Section      528  usart.o(.bss)
    .bss                                     0x20000590   Section       72  stm32f4xx_hal_timebase_tim.o(.bss)
    .bss                                     0x200005d8   Section      240  tasks.o(.bss)
    pxReadyTasksLists                        0x200005d8   Data         140  tasks.o(.bss)
    xDelayedTaskList1                        0x20000664   Data          20  tasks.o(.bss)
    xDelayedTaskList2                        0x20000678   Data          20  tasks.o(.bss)
    xPendingReadyList                        0x2000068c   Data          20  tasks.o(.bss)
    xTasksWaitingTermination                 0x200006a0   Data          20  tasks.o(.bss)
    xSuspendedTaskList                       0x200006b4   Data          20  tasks.o(.bss)
    .bss                                     0x200006c8   Section    15360  heap_4.o(.bss)
    ucHeap                                   0x200006c8   Data       15360  heap_4.o(.bss)
    .bss                                     0x200042c8   Section     2400  drv_uart.o(.bss)
    .bss                                     0x20004c28   Section    18220  trackingtask.o(.bss)
    .bss                                     0x20009354   Section       96  libspace.o(.bss)
    HEAP                                     0x200093b8   Section      512  startup_stm32f407xx.o(HEAP)
    Heap_Mem                                 0x200093b8   Data         512  startup_stm32f407xx.o(HEAP)
    STACK                                    0x200095b8   Section     1024  startup_stm32f407xx.o(STACK)
    Stack_Mem                                0x200095b8   Data        1024  startup_stm32f407xx.o(STACK)
    __initial_sp                             0x200099b8   Data           0  startup_stm32f407xx.o(STACK)

    Global Symbols

    Symbol Name                              Value     Ov Type        Size  Object(Section)

    BuildAttributes$$THM_ISAv4$E$P$D$K$B$S$7EM$VFPi3$EXTD16$VFPS$VFMA$PE$A:L22UL41UL21$X:L11$S22US41US21$IEEE1$IW$USESV6$~STKCKD$USESV7$~SHL$OTIME$ROPI$IEEEJ$EBA8$UX$STANDARDLIB$REQ8$PRES8$EABIv2 0x00000000   Number         0  anon$$obj.o ABSOLUTE
    __ARM_use_no_argv                        0x00000000   Number         0  main.o ABSOLUTE
    __ARM_exceptions_init                     - Undefined Weak Reference
    __alloca_initialize                       - Undefined Weak Reference
    __arm_fini_                               - Undefined Weak Reference
    __arm_preinit_                            - Undefined Weak Reference
    __cpp_initialize__aeabi_                  - Undefined Weak Reference
    __cxa_finalize                            - Undefined Weak Reference
    __rt_locale                               - Undefined Weak Reference
    __sigvec_lookup                           - Undefined Weak Reference
    _atexit_init                              - Undefined Weak Reference
    _call_atexit_fns                          - Undefined Weak Reference
    _clock_init                               - Undefined Weak Reference
    _fp_trap_init                             - Undefined Weak Reference
    _fp_trap_shutdown                         - Undefined Weak Reference
    _get_lc_collate                           - Undefined Weak Reference
    _get_lc_ctype                             - Undefined Weak Reference
    _get_lc_monetary                          - Undefined Weak Reference
    _get_lc_numeric                           - Undefined Weak Reference
    _get_lc_time                              - Undefined Weak Reference
    _getenv_init                              - Undefined Weak Reference
    _handle_redirection                       - Undefined Weak Reference
    _init_alloc                               - Undefined Weak Reference
    _init_user_alloc                          - Undefined Weak Reference
    _initio                                   - Undefined Weak Reference
    _rand_init                                - Undefined Weak Reference
    _signal_finish                            - Undefined Weak Reference
    _signal_init                              - Undefined Weak Reference
    _terminate_alloc                          - Undefined Weak Reference
    _terminate_user_alloc                     - Undefined Weak Reference
    _terminateio                              - Undefined Weak Reference
    __Vectors_Size                           0x00000188   Number         0  startup_stm32f407xx.o ABSOLUTE
    __Vectors                                0x08000000   Data           4  startup_stm32f407xx.o(RESET)
    __Vectors_End                            0x08000188   Data           0  startup_stm32f407xx.o(RESET)
    __main                                   0x08000189   Thumb Code     8  __main.o(!!!main)
    __scatterload                            0x08000191   Thumb Code     0  __scatter.o(!!!scatter)
    __scatterload_rt2                        0x08000191   Thumb Code    44  __scatter.o(!!!scatter)
    __scatterload_rt2_thumb_only             0x08000191   Thumb Code     0  __scatter.o(!!!scatter)
    __scatterload_null                       0x0800019f   Thumb Code     0  __scatter.o(!!!scatter)
    __decompress                             0x080001c5   Thumb Code    58  __dczerorl.o(!!dczerorl)
    __decompress0                            0x080001c5   Thumb Code     0  __dczerorl.o(!!dczerorl)
    __scatterload_zeroinit                   0x08000201   Thumb Code    28  __scatter_zi.o(!!handler_zi)
    __rt_lib_init                            0x0800021d   Thumb Code     0  libinit.o(.ARM.Collect$$libinit$$00000000)
    __rt_lib_init_fp_1                       0x0800021f   Thumb Code     0  libinit2.o(.ARM.Collect$$libinit$$00000001)
    __rt_lib_init_alloca_1                   0x08000223   Thumb Code     0  libinit2.o(.ARM.Collect$$libinit$$0000002E)
    __rt_lib_init_argv_1                     0x08000223   Thumb Code     0  libinit2.o(.ARM.Collect$$libinit$$0000002C)
    __rt_lib_init_atexit_1                   0x08000223   Thumb Code     0  libinit2.o(.ARM.Collect$$libinit$$0000001B)
    __rt_lib_init_clock_1                    0x08000223   Thumb Code     0  libinit2.o(.ARM.Collect$$libinit$$00000021)
    __rt_lib_init_cpp_1                      0x08000223   Thumb Code     0  libinit2.o(.ARM.Collect$$libinit$$00000032)
    __rt_lib_init_exceptions_1               0x08000223   Thumb Code     0  libinit2.o(.ARM.Collect$$libinit$$00000030)
    __rt_lib_init_fp_trap_1                  0x08000223   Thumb Code     0  libinit2.o(.ARM.Collect$$libinit$$0000001F)
    __rt_lib_init_getenv_1                   0x08000223   Thumb Code     0  libinit2.o(.ARM.Collect$$libinit$$00000023)
    __rt_lib_init_heap_1                     0x08000223   Thumb Code     0  libinit2.o(.ARM.Collect$$libinit$$0000000A)
    __rt_lib_init_lc_collate_1               0x08000223   Thumb Code     0  libinit2.o(.ARM.Collect$$libinit$$00000011)
    __rt_lib_init_lc_ctype_1                 0x08000223   Thumb Code     0  libinit2.o(.ARM.Collect$$libinit$$00000013)
    __rt_lib_init_lc_monetary_1              0x08000223   Thumb Code     0  libinit2.o(.ARM.Collect$$libinit$$00000015)
    __rt_lib_init_lc_numeric_1               0x08000223   Thumb Code     0  libinit2.o(.ARM.Collect$$libinit$$00000017)
    __rt_lib_init_lc_time_1                  0x08000223   Thumb Code     0  libinit2.o(.ARM.Collect$$libinit$$00000019)
    __rt_lib_init_preinit_1                  0x08000223   Thumb Code     0  libinit2.o(.ARM.Collect$$libinit$$00000004)
    __rt_lib_init_rand_1                     0x08000223   Thumb Code     0  libinit2.o(.ARM.Collect$$libinit$$0000000E)
    __rt_lib_init_return                     0x08000223   Thumb Code     0  libinit2.o(.ARM.Collect$$libinit$$00000033)
    __rt_lib_init_signal_1                   0x08000223   Thumb Code     0  libinit2.o(.ARM.Collect$$libinit$$0000001D)
    __rt_lib_init_stdio_1                    0x08000223   Thumb Code     0  libinit2.o(.ARM.Collect$$libinit$$00000025)
    __rt_lib_init_user_alloc_1               0x08000223   Thumb Code     0  libinit2.o(.ARM.Collect$$libinit$$0000000C)
    __rt_lib_shutdown                        0x08000225   Thumb Code     0  libshutdown.o(.ARM.Collect$$libshutdown$$00000000)
    __rt_lib_shutdown_cpp_1                  0x08000227   Thumb Code     0  libshutdown2.o(.ARM.Collect$$libshutdown$$00000004)
    __rt_lib_shutdown_fini_1                 0x08000227   Thumb Code     0  libshutdown2.o(.ARM.Collect$$libshutdown$$00000002)
    __rt_lib_shutdown_fp_trap_1              0x08000227   Thumb Code     0  libshutdown2.o(.ARM.Collect$$libshutdown$$00000009)
    __rt_lib_shutdown_heap_1                 0x08000227   Thumb Code     0  libshutdown2.o(.ARM.Collect$$libshutdown$$00000011)
    __rt_lib_shutdown_return                 0x08000227   Thumb Code     0  libshutdown2.o(.ARM.Collect$$libshutdown$$00000012)
    __rt_lib_shutdown_signal_1               0x08000227   Thumb Code     0  libshutdown2.o(.ARM.Collect$$libshutdown$$0000000C)
    __rt_lib_shutdown_stdio_1                0x08000227   Thumb Code     0  libshutdown2.o(.ARM.Collect$$libshutdown$$00000006)
    __rt_lib_shutdown_user_alloc_1           0x08000227   Thumb Code     0  libshutdown2.o(.ARM.Collect$$libshutdown$$0000000E)
    __rt_entry                               0x08000229   Thumb Code     0  __rtentry.o(.ARM.Collect$$rtentry$$00000000)
    __rt_entry_presh_1                       0x08000229   Thumb Code     0  __rtentry2.o(.ARM.Collect$$rtentry$$00000002)
    __rt_entry_sh                            0x08000229   Thumb Code     0  __rtentry4.o(.ARM.Collect$$rtentry$$00000004)
    __rt_entry_li                            0x0800022f   Thumb Code     0  __rtentry2.o(.ARM.Collect$$rtentry$$0000000A)
    __rt_entry_postsh_1                      0x0800022f   Thumb Code     0  __rtentry2.o(.ARM.Collect$$rtentry$$00000009)
    __rt_entry_main                          0x08000233   Thumb Code     0  __rtentry2.o(.ARM.Collect$$rtentry$$0000000D)
    __rt_entry_postli_1                      0x08000233   Thumb Code     0  __rtentry2.o(.ARM.Collect$$rtentry$$0000000C)
    __rt_exit                                0x0800023b   Thumb Code     0  rtexit.o(.ARM.Collect$$rtexit$$00000000)
    __rt_exit_ls                             0x0800023d   Thumb Code     0  rtexit2.o(.ARM.Collect$$rtexit$$00000003)
    __rt_exit_prels_1                        0x0800023d   Thumb Code     0  rtexit2.o(.ARM.Collect$$rtexit$$00000002)
    __rt_exit_exit                           0x08000241   Thumb Code     0  rtexit2.o(.ARM.Collect$$rtexit$$00000004)
    SVC_Handler                              0x08000249   Thumb Code    28  port.o(.emb_text)
    __asm___6_port_c_39a90d8d__prvStartFirstTask 0x08000269   Thumb Code    36  port.o(.emb_text)
    __asm___6_port_c_39a90d8d__prvEnableVFP  0x08000291   Thumb Code    16  port.o(.emb_text)
    PendSV_Handler                           0x080002a5   Thumb Code    88  port.o(.emb_text)
    vPortGetIPSR                             0x08000301   Thumb Code     6  port.o(.emb_text)
    Reset_Handler                            0x08000309   Thumb Code     8  startup_stm32f407xx.o(.text)
    ADC_IRQHandler                           0x08000323   Thumb Code     0  startup_stm32f407xx.o(.text)
    CAN1_RX0_IRQHandler                      0x08000323   Thumb Code     0  startup_stm32f407xx.o(.text)
    CAN1_RX1_IRQHandler                      0x08000323   Thumb Code     0  startup_stm32f407xx.o(.text)
    CAN1_SCE_IRQHandler                      0x08000323   Thumb Code     0  startup_stm32f407xx.o(.text)
    CAN1_TX_IRQHandler                       0x08000323   Thumb Code     0  startup_stm32f407xx.o(.text)
    CAN2_RX0_IRQHandler                      0x08000323   Thumb Code     0  startup_stm32f407xx.o(.text)
    CAN2_RX1_IRQHandler                      0x08000323   Thumb Code     0  startup_stm32f407xx.o(.text)
    CAN2_SCE_IRQHandler                      0x08000323   Thumb Code     0  startup_stm32f407xx.o(.text)
    CAN2_TX_IRQHandler                       0x08000323   Thumb Code     0  startup_stm32f407xx.o(.text)
    DCMI_IRQHandler                          0x08000323   Thumb Code     0  startup_stm32f407xx.o(.text)
    DMA1_Stream1_IRQHandler                  0x08000323   Thumb Code     0  startup_stm32f407xx.o(.text)
    DMA1_Stream3_IRQHandler                  0x08000323   Thumb Code     0  startup_stm32f407xx.o(.text)
    DMA1_Stream5_IRQHandler                  0x08000323   Thumb Code     0  startup_stm32f407xx.o(.text)
    DMA1_Stream6_IRQHandler                  0x08000323   Thumb Code     0  startup_stm32f407xx.o(.text)
    DMA2_Stream0_IRQHandler                  0x08000323   Thumb Code     0  startup_stm32f407xx.o(.text)
    DMA2_Stream1_IRQHandler                  0x08000323   Thumb Code     0  startup_stm32f407xx.o(.text)
    DMA2_Stream2_IRQHandler                  0x08000323   Thumb Code     0  startup_stm32f407xx.o(.text)
    DMA2_Stream3_IRQHandler                  0x08000323   Thumb Code     0  startup_stm32f407xx.o(.text)
    DMA2_Stream4_IRQHandler                  0x08000323   Thumb Code     0  startup_stm32f407xx.o(.text)
    DMA2_Stream5_IRQHandler                  0x08000323   Thumb Code     0  startup_stm32f407xx.o(.text)
    DMA2_Stream6_IRQHandler                  0x08000323   Thumb Code     0  startup_stm32f407xx.o(.text)
    DMA2_Stream7_IRQHandler                  0x08000323   Thumb Code     0  startup_stm32f407xx.o(.text)
    ETH_IRQHandler                           0x08000323   Thumb Code     0  startup_stm32f407xx.o(.text)
    ETH_WKUP_IRQHandler                      0x08000323   Thumb Code     0  startup_stm32f407xx.o(.text)
    EXTI0_IRQHandler                         0x08000323   Thumb Code     0  startup_stm32f407xx.o(.text)
    EXTI15_10_IRQHandler                     0x08000323   Thumb Code     0  startup_stm32f407xx.o(.text)
    EXTI1_IRQHandler                         0x08000323   Thumb Code     0  startup_stm32f407xx.o(.text)
    EXTI2_IRQHandler                         0x08000323   Thumb Code     0  startup_stm32f407xx.o(.text)
    EXTI3_IRQHandler                         0x08000323   Thumb Code     0  startup_stm32f407xx.o(.text)
    EXTI4_IRQHandler                         0x08000323   Thumb Code     0  startup_stm32f407xx.o(.text)
    EXTI9_5_IRQHandler                       0x08000323   Thumb Code     0  startup_stm32f407xx.o(.text)
    FLASH_IRQHandler                         0x08000323   Thumb Code     0  startup_stm32f407xx.o(.text)
    FMC_IRQHandler                           0x08000323   Thumb Code     0  startup_stm32f407xx.o(.text)
    FPU_IRQHandler                           0x08000323   Thumb Code     0  startup_stm32f407xx.o(.text)
    HASH_RNG_IRQHandler                      0x08000323   Thumb Code     0  startup_stm32f407xx.o(.text)
    I2C1_ER_IRQHandler                       0x08000323   Thumb Code     0  startup_stm32f407xx.o(.text)
    I2C1_EV_IRQHandler                       0x08000323   Thumb Code     0  startup_stm32f407xx.o(.text)
    I2C2_ER_IRQHandler                       0x08000323   Thumb Code     0  startup_stm32f407xx.o(.text)
    I2C2_EV_IRQHandler                       0x08000323   Thumb Code     0  startup_stm32f407xx.o(.text)
    I2C3_ER_IRQHandler                       0x08000323   Thumb Code     0  startup_stm32f407xx.o(.text)
    I2C3_EV_IRQHandler                       0x08000323   Thumb Code     0  startup_stm32f407xx.o(.text)
    OTG_FS_IRQHandler                        0x08000323   Thumb Code     0  startup_stm32f407xx.o(.text)
    OTG_FS_WKUP_IRQHandler                   0x08000323   Thumb Code     0  startup_stm32f407xx.o(.text)
    OTG_HS_EP1_IN_IRQHandler                 0x08000323   Thumb Code     0  startup_stm32f407xx.o(.text)
    OTG_HS_EP1_OUT_IRQHandler                0x08000323   Thumb Code     0  startup_stm32f407xx.o(.text)
    OTG_HS_IRQHandler                        0x08000323   Thumb Code     0  startup_stm32f407xx.o(.text)
    OTG_HS_WKUP_IRQHandler                   0x08000323   Thumb Code     0  startup_stm32f407xx.o(.text)
    PVD_IRQHandler                           0x08000323   Thumb Code     0  startup_stm32f407xx.o(.text)
    RCC_IRQHandler                           0x08000323   Thumb Code     0  startup_stm32f407xx.o(.text)
    RTC_Alarm_IRQHandler                     0x08000323   Thumb Code     0  startup_stm32f407xx.o(.text)
    RTC_WKUP_IRQHandler                      0x08000323   Thumb Code     0  startup_stm32f407xx.o(.text)
    SDIO_IRQHandler                          0x08000323   Thumb Code     0  startup_stm32f407xx.o(.text)
    SPI1_IRQHandler                          0x08000323   Thumb Code     0  startup_stm32f407xx.o(.text)
    SPI2_IRQHandler                          0x08000323   Thumb Code     0  startup_stm32f407xx.o(.text)
    SPI3_IRQHandler                          0x08000323   Thumb Code     0  startup_stm32f407xx.o(.text)
    TAMP_STAMP_IRQHandler                    0x08000323   Thumb Code     0  startup_stm32f407xx.o(.text)
    TIM1_BRK_TIM9_IRQHandler                 0x08000323   Thumb Code     0  startup_stm32f407xx.o(.text)
    TIM1_CC_IRQHandler                       0x08000323   Thumb Code     0  startup_stm32f407xx.o(.text)
    TIM1_TRG_COM_TIM11_IRQHandler            0x08000323   Thumb Code     0  startup_stm32f407xx.o(.text)
    TIM2_IRQHandler                          0x08000323   Thumb Code     0  startup_stm32f407xx.o(.text)
    TIM3_IRQHandler                          0x08000323   Thumb Code     0  startup_stm32f407xx.o(.text)
    TIM4_IRQHandler                          0x08000323   Thumb Code     0  startup_stm32f407xx.o(.text)
    TIM5_IRQHandler                          0x08000323   Thumb Code     0  startup_stm32f407xx.o(.text)
    TIM6_DAC_IRQHandler                      0x08000323   Thumb Code     0  startup_stm32f407xx.o(.text)
    TIM7_IRQHandler                          0x08000323   Thumb Code     0  startup_stm32f407xx.o(.text)
    TIM8_BRK_TIM12_IRQHandler                0x08000323   Thumb Code     0  startup_stm32f407xx.o(.text)
    TIM8_CC_IRQHandler                       0x08000323   Thumb Code     0  startup_stm32f407xx.o(.text)
    TIM8_TRG_COM_TIM14_IRQHandler            0x08000323   Thumb Code     0  startup_stm32f407xx.o(.text)
    TIM8_UP_TIM13_IRQHandler                 0x08000323   Thumb Code     0  startup_stm32f407xx.o(.text)
    USART1_IRQHandler                        0x08000323   Thumb Code     0  startup_stm32f407xx.o(.text)
    USART2_IRQHandler                        0x08000323   Thumb Code     0  startup_stm32f407xx.o(.text)
    USART3_IRQHandler                        0x08000323   Thumb Code     0  startup_stm32f407xx.o(.text)
    USART6_IRQHandler                        0x08000323   Thumb Code     0  startup_stm32f407xx.o(.text)
    WWDG_IRQHandler                          0x08000323   Thumb Code     0  startup_stm32f407xx.o(.text)
    __user_initial_stackheap                 0x08000325   Thumb Code     0  startup_stm32f407xx.o(.text)
    __aeabi_uldivmod                         0x08000349   Thumb Code     0  lludivv7m.o(.text)
    _ll_udiv                                 0x08000349   Thumb Code   238  lludivv7m.o(.text)
    __aeabi_memcpy                           0x08000437   Thumb Code     0  rt_memcpy_v6.o(.text)
    __rt_memcpy                              0x08000437   Thumb Code   138  rt_memcpy_v6.o(.text)
    _memcpy_lastbytes                        0x0800049d   Thumb Code     0  rt_memcpy_v6.o(.text)
    __aeabi_memcpy4                          0x080004c1   Thumb Code     0  rt_memcpy_w.o(.text)
    __aeabi_memcpy8                          0x080004c1   Thumb Code     0  rt_memcpy_w.o(.text)
    __rt_memcpy_w                            0x080004c1   Thumb Code   100  rt_memcpy_w.o(.text)
    _memcpy_lastbytes_aligned                0x08000509   Thumb Code     0  rt_memcpy_w.o(.text)
    __aeabi_memclr4                          0x08000525   Thumb Code     0  rt_memclr_w.o(.text)
    __aeabi_memclr8                          0x08000525   Thumb Code     0  rt_memclr_w.o(.text)
    __rt_memclr_w                            0x08000525   Thumb Code    78  rt_memclr_w.o(.text)
    _memset_w                                0x08000529   Thumb Code     0  rt_memclr_w.o(.text)
    __use_two_region_memory                  0x08000573   Thumb Code     2  heapauxi.o(.text)
    __rt_heap_escrow$2region                 0x08000575   Thumb Code     2  heapauxi.o(.text)
    __rt_heap_expand$2region                 0x08000577   Thumb Code     2  heapauxi.o(.text)
    __user_setup_stackheap                   0x08000579   Thumb Code    74  sys_stackheap_outer.o(.text)
    exit                                     0x080005c3   Thumb Code    18  exit.o(.text)
    __user_libspace                          0x080005d5   Thumb Code     8  libspace.o(.text)
    __user_perproc_libspace                  0x080005d5   Thumb Code     0  libspace.o(.text)
    __user_perthread_libspace                0x080005d5   Thumb Code     0  libspace.o(.text)
    _sys_exit                                0x080005dd   Thumb Code     8  sys_exit.o(.text)
    __I$use$semihosting                      0x080005e9   Thumb Code     0  use_no_semi.o(.text)
    __use_no_semihosting_swi                 0x080005e9   Thumb Code     2  use_no_semi.o(.text)
    BusFault_Handler                         0x080005eb   Thumb Code     4  stm32f4xx_it.o(i.BusFault_Handler)
    __semihosting_library_function           0x080005eb   Thumb Code     0  indicate_semi.o(.text)
    DMA1_Stream0_IRQHandler                  0x080005f1   Thumb Code    10  stm32f4xx_it.o(i.DMA1_Stream0_IRQHandler)
    DMA1_Stream2_IRQHandler                  0x08000601   Thumb Code    10  stm32f4xx_it.o(i.DMA1_Stream2_IRQHandler)
    DMA1_Stream4_IRQHandler                  0x08000611   Thumb Code    10  stm32f4xx_it.o(i.DMA1_Stream4_IRQHandler)
    DMA1_Stream7_IRQHandler                  0x08000621   Thumb Code    10  stm32f4xx_it.o(i.DMA1_Stream7_IRQHandler)
    DRV_UART_IRQHandler                      0x08000ad1   Thumb Code    40  drv_uart.o(i.DRV_UART_IRQHandler)
    DWT_GetDeltaT                            0x08000b49   Thumb Code    68  bsp_dwt.o(i.DWT_GetDeltaT)
    DWT_Init                                 0x08000b95   Thumb Code    82  bsp_dwt.o(i.DWT_Init)
    DebugMon_Handler                         0x08000c05   Thumb Code     2  stm32f4xx_it.o(i.DebugMon_Handler)
    Error_Handler                            0x08000c07   Thumb Code     6  main.o(i.Error_Handler)
    GetCuvature                              0x08000c0d   Thumb Code   180  trackingtask.o(i.GetCuvature)
    Get_CRC8_Check_Sum                       0x08000cc9   Thumb Code    30  crc8_8540.o(i.Get_CRC8_Check_Sum)
    HAL_DMA_Abort                            0x08000ced   Thumb Code   172  stm32f4xx_hal_dma.o(i.HAL_DMA_Abort)
    HAL_DMA_Abort_IT                         0x08000d99   Thumb Code    40  stm32f4xx_hal_dma.o(i.HAL_DMA_Abort_IT)
    HAL_DMA_IRQHandler                       0x08000dc1   Thumb Code   570  stm32f4xx_hal_dma.o(i.HAL_DMA_IRQHandler)
    HAL_DMA_Init                             0x08001001   Thumb Code   232  stm32f4xx_hal_dma.o(i.HAL_DMA_Init)
    HAL_GPIO_Init                            0x080010ed   Thumb Code   454  stm32f4xx_hal_gpio.o(i.HAL_GPIO_Init)
    HAL_GetTick                              0x080012e1   Thumb Code     6  stm32f4xx_hal.o(i.HAL_GetTick)
    HAL_IncTick                              0x080012ed   Thumb Code    16  stm32f4xx_hal.o(i.HAL_IncTick)
    HAL_Init                                 0x08001305   Thumb Code    54  stm32f4xx_hal.o(i.HAL_Init)
    HAL_InitTick                             0x08001341   Thumb Code   140  stm32f4xx_hal_timebase_tim.o(i.HAL_InitTick)
    HAL_MspInit                              0x080013e1   Thumb Code    78  stm32f4xx_hal_msp.o(i.HAL_MspInit)
    HAL_NVIC_EnableIRQ                       0x08001435   Thumb Code    40  stm32f4xx_hal_cortex.o(i.HAL_NVIC_EnableIRQ)
    HAL_NVIC_SetPriority                     0x0800145d   Thumb Code   124  stm32f4xx_hal_cortex.o(i.HAL_NVIC_SetPriority)
    HAL_NVIC_SetPriorityGrouping             0x080014d9   Thumb Code    32  stm32f4xx_hal_cortex.o(i.HAL_NVIC_SetPriorityGrouping)
    HAL_RCC_ClockConfig                      0x08001501   Thumb Code   368  stm32f4xx_hal_rcc.o(i.HAL_RCC_ClockConfig)
    HAL_RCC_GetClockConfig                   0x08001685   Thumb Code    58  stm32f4xx_hal_rcc.o(i.HAL_RCC_GetClockConfig)
    HAL_RCC_GetHCLKFreq                      0x080016c9   Thumb Code     6  stm32f4xx_hal_rcc.o(i.HAL_RCC_GetHCLKFreq)
    HAL_RCC_GetPCLK1Freq                     0x080016d5   Thumb Code    22  stm32f4xx_hal_rcc.o(i.HAL_RCC_GetPCLK1Freq)
    HAL_RCC_GetPCLK2Freq                     0x080016f5   Thumb Code    22  stm32f4xx_hal_rcc.o(i.HAL_RCC_GetPCLK2Freq)
    HAL_RCC_GetSysClockFreq                  0x08001715   Thumb Code   162  stm32f4xx_hal_rcc.o(i.HAL_RCC_GetSysClockFreq)
    HAL_RCC_OscConfig                        0x080017c5   Thumb Code  1172  stm32f4xx_hal_rcc.o(i.HAL_RCC_OscConfig)
    HAL_TIMEx_BreakCallback                  0x08001c61   Thumb Code     2  stm32f4xx_hal_tim_ex.o(i.HAL_TIMEx_BreakCallback)
    HAL_TIMEx_CommutCallback                 0x08001c63   Thumb Code     2  stm32f4xx_hal_tim_ex.o(i.HAL_TIMEx_CommutCallback)
    HAL_TIM_Base_Init                        0x08001c65   Thumb Code   102  stm32f4xx_hal_tim.o(i.HAL_TIM_Base_Init)
    HAL_TIM_Base_MspInit                     0x08001ccb   Thumb Code     2  stm32f4xx_hal_tim.o(i.HAL_TIM_Base_MspInit)
    HAL_TIM_Base_Start_IT                    0x08001ccd   Thumb Code   138  stm32f4xx_hal_tim.o(i.HAL_TIM_Base_Start_IT)
    HAL_TIM_IC_CaptureCallback               0x08001d75   Thumb Code     2  stm32f4xx_hal_tim.o(i.HAL_TIM_IC_CaptureCallback)
    HAL_TIM_IRQHandler                       0x08001d77   Thumb Code   364  stm32f4xx_hal_tim.o(i.HAL_TIM_IRQHandler)
    HAL_TIM_OC_DelayElapsedCallback          0x08001ee3   Thumb Code     2  stm32f4xx_hal_tim.o(i.HAL_TIM_OC_DelayElapsedCallback)
    HAL_TIM_PWM_PulseFinishedCallback        0x08001ee5   Thumb Code     2  stm32f4xx_hal_tim.o(i.HAL_TIM_PWM_PulseFinishedCallback)
    HAL_TIM_PeriodElapsedCallback            0x08001ee9   Thumb Code    18  main.o(i.HAL_TIM_PeriodElapsedCallback)
    HAL_TIM_TriggerCallback                  0x08001f01   Thumb Code     2  stm32f4xx_hal_tim.o(i.HAL_TIM_TriggerCallback)
    HAL_UARTEx_RxEventCallback               0x08001f03   Thumb Code     2  stm32f4xx_hal_uart.o(i.HAL_UARTEx_RxEventCallback)
    HAL_UART_ErrorCallback                   0x08001f05   Thumb Code     2  stm32f4xx_hal_uart.o(i.HAL_UART_ErrorCallback)
    HAL_UART_IRQHandler                      0x08001f09   Thumb Code   740  stm32f4xx_hal_uart.o(i.HAL_UART_IRQHandler)
    HAL_UART_Init                            0x080021f1   Thumb Code   118  stm32f4xx_hal_uart.o(i.HAL_UART_Init)
    HAL_UART_MspInit                         0x08002269   Thumb Code   560  usart.o(i.HAL_UART_MspInit)
    HAL_UART_RxCpltCallback                  0x080024c1   Thumb Code     2  stm32f4xx_hal_uart.o(i.HAL_UART_RxCpltCallback)
    HAL_UART_TxCpltCallback                  0x080024c3   Thumb Code     2  stm32f4xx_hal_uart.o(i.HAL_UART_TxCpltCallback)
    HardFault_Handler                        0x080024c5   Thumb Code     4  stm32f4xx_it.o(i.HardFault_Handler)
    MX_DMA_Init                              0x080024c9   Thumb Code   100  dma.o(i.MX_DMA_Init)
    MX_FREERTOS_Init                         0x08002531   Thumb Code    54  freertos.o(i.MX_FREERTOS_Init)
    MX_GPIO_Init                             0x08002575   Thumb Code   126  gpio.o(i.MX_GPIO_Init)
    MX_UART4_Init                            0x080025f9   Thumb Code    46  usart.o(i.MX_UART4_Init)
    MX_UART5_Init                            0x08002631   Thumb Code    46  usart.o(i.MX_UART5_Init)
    MemManage_Handler                        0x08002669   Thumb Code     4  stm32f4xx_it.o(i.MemManage_Handler)
    N10laser_decode                          0x0800266d   Thumb Code   430  trackingtask.o(i.N10laser_decode)
    NMI_Handler                              0x08002841   Thumb Code     4  stm32f4xx_it.o(i.NMI_Handler)
    StartDefaultTask                         0x08002845   Thumb Code    10  freertos.o(i.StartDefaultTask)
    StartTrackingTask                        0x08002851   Thumb Code   252  trackingtask.o(i.StartTrackingTask)
    SysTick_Handler                          0x08002981   Thumb Code    46  port.o(i.SysTick_Handler)
    SystemClock_Config                       0x080029b5   Thumb Code   174  main.o(i.SystemClock_Config)
    SystemInit                               0x08002a6d   Thumb Code    14  system_stm32f4xx.o(i.SystemInit)
    TIM1_UP_TIM10_IRQHandler                 0x08002a81   Thumb Code    10  stm32f4xx_it.o(i.TIM1_UP_TIM10_IRQHandler)
    TIM_Base_SetConfig                       0x08002a91   Thumb Code   186  stm32f4xx_hal_tim.o(i.TIM_Base_SetConfig)
    UART4_IRQHandler                         0x08002b79   Thumb Code    10  stm32f4xx_it.o(i.UART4_IRQHandler)
    UART5_IRQHandler                         0x08002b89   Thumb Code    16  stm32f4xx_it.o(i.UART5_IRQHandler)
    USART_Init                               0x08002fc5   Thumb Code   246  drv_uart.o(i.USART_Init)
    UsageFault_Handler                       0x08003105   Thumb Code     4  stm32f4xx_it.o(i.UsageFault_Handler)
    Verify_CRC8_Check_Sum                    0x08003109   Thumb Code    46  crc8_8540.o(i.Verify_CRC8_Check_Sum)
    __hardfp_fabs                            0x08003171   Thumb Code    20  fabs.o(i.__hardfp_fabs)
    bubble_sort                              0x08003185   Thumb Code   110  trackingtask.o(i.bubble_sort)
    filter_point                             0x080033ed   Thumb Code   366  trackingtask.o(i.filter_point)
    main                                     0x08003569   Thumb Code    36  main.o(i.main)
    osDelay                                  0x0800359b   Thumb Code    24  cmsis_os.o(i.osDelay)
    osKernelStart                            0x080035b3   Thumb Code    10  cmsis_os.o(i.osKernelStart)
    osThreadCreate                           0x080035bd   Thumb Code    94  cmsis_os.o(i.osThreadCreate)
    pvPortMalloc                             0x08003a9d   Thumb Code   306  heap_4.o(i.pvPortMalloc)
    pxPortInitialiseStack                    0x08003be9   Thumb Code    38  port.o(i.pxPortInitialiseStack)
    uxListRemove                             0x08003d41   Thumb Code    40  list.o(i.uxListRemove)
    vApplicationGetIdleTaskMemory            0x08003d69   Thumb Code    14  freertos.o(i.vApplicationGetIdleTaskMemory)
    vListInitialise                          0x08003d81   Thumb Code    26  list.o(i.vListInitialise)
    vListInitialiseItem                      0x08003d9b   Thumb Code     6  list.o(i.vListInitialiseItem)
    vListInsert                              0x08003da1   Thumb Code    52  list.o(i.vListInsert)
    vListInsertEnd                           0x08003dd5   Thumb Code    24  list.o(i.vListInsertEnd)
    vPortEnterCritical                       0x08003ded   Thumb Code    76  port.o(i.vPortEnterCritical)
    vPortExitCritical                        0x08003e41   Thumb Code    56  port.o(i.vPortExitCritical)
    vPortFree                                0x08003e7d   Thumb Code   150  heap_4.o(i.vPortFree)
    vPortSetupTimerInterrupt                 0x08003f21   Thumb Code    36  port.o(i.vPortSetupTimerInterrupt)
    vTaskDelay                               0x08003f49   Thumb Code    82  tasks.o(i.vTaskDelay)
    vTaskStartScheduler                      0x08003fa5   Thumb Code   146  tasks.o(i.vTaskStartScheduler)
    vTaskSuspendAll                          0x08004055   Thumb Code    12  tasks.o(i.vTaskSuspendAll)
    vTaskSwitchContext                       0x08004065   Thumb Code   118  tasks.o(i.vTaskSwitchContext)
    xPortStartScheduler                      0x080040f1   Thumb Code   330  port.o(i.xPortStartScheduler)
    xTaskCreate                              0x08004259   Thumb Code   100  tasks.o(i.xTaskCreate)
    xTaskCreateStatic                        0x080042bd   Thumb Code   186  tasks.o(i.xTaskCreateStatic)
    xTaskIncrementTick                       0x08004379   Thumb Code   282  tasks.o(i.xTaskIncrementTick)
    xTaskResumeAll                           0x080044c1   Thumb Code   224  tasks.o(i.xTaskResumeAll)
    __aeabi_dadd                             0x080045c5   Thumb Code     0  daddsub_clz.o(x$fpl$dadd)
    _dadd                                    0x080045c5   Thumb Code   332  daddsub_clz.o(x$fpl$dadd)
    __fpl_dcmp_Inf                           0x08004715   Thumb Code    24  dcmpi.o(x$fpl$dcmpinf)
    __aeabi_i2d                              0x0800472d   Thumb Code     0  dflt_clz.o(x$fpl$dflt)
    _dflt                                    0x0800472d   Thumb Code    46  dflt_clz.o(x$fpl$dflt)
    __aeabi_cdcmple                          0x0800475d   Thumb Code     0  dleqf.o(x$fpl$dleqf)
    _dcmple                                  0x0800475d   Thumb Code   120  dleqf.o(x$fpl$dleqf)
    __fpl_dcmple_InfNaN                      0x080047bf   Thumb Code     0  dleqf.o(x$fpl$dleqf)
    __aeabi_dmul                             0x080047d5   Thumb Code     0  dmul.o(x$fpl$dmul)
    _dmul                                    0x080047d5   Thumb Code   332  dmul.o(x$fpl$dmul)
    __fpl_dnaninf                            0x08004929   Thumb Code   156  dnaninf.o(x$fpl$dnaninf)
    __fpl_dretinf                            0x080049c5   Thumb Code    12  dretinf.o(x$fpl$dretinf)
    __aeabi_dsub                             0x080049d1   Thumb Code     0  daddsub_clz.o(x$fpl$dsub)
    _dsub                                    0x080049d1   Thumb Code   464  daddsub_clz.o(x$fpl$dsub)
    __aeabi_f2d                              0x08004ba5   Thumb Code     0  f2d.o(x$fpl$f2d)
    _f2d                                     0x08004ba5   Thumb Code    86  f2d.o(x$fpl$f2d)
    __fpl_fnaninf                            0x08004bfb   Thumb Code   140  fnaninf.o(x$fpl$fnaninf)
    _fp_init                                 0x08004c87   Thumb Code    10  fpinit.o(x$fpl$fpinit)
    __fplib_config_fpu_vfp                   0x08004c8f   Thumb Code     0  fpinit.o(x$fpl$fpinit)
    __fplib_config_pureend_doubles           0x08004c8f   Thumb Code     0  fpinit.o(x$fpl$fpinit)
    __I$use$fp                               0x08004c90   Number         0  usenofp.o(x$fpl$usenofp)
    AHBPrescTable                            0x08004cd0   Data          16  system_stm32f4xx.o(.constdata)
    APBPrescTable                            0x08004ce0   Data           8  system_stm32f4xx.o(.constdata)
    CRC8_INIT_                               0x08004ce8   Data           1  crc8_8540.o(.constdata)
    CRC8_TAB                                 0x08004ce9   Data         256  crc8_8540.o(.constdata)
    Region$$Table$$Base                      0x08004e1c   Number         0  anon$$obj.o(Region$$Table)
    Region$$Table$$Limit                     0x08004e3c   Number         0  anon$$obj.o(Region$$Table)
    TrackingTaskHandle                       0x20000000   Data           4  freertos.o(.data)
    defaultTaskHandle                        0x20000004   Data           4  freertos.o(.data)
    uwTick                                   0x20000008   Data           4  stm32f4xx_hal.o(.data)
    uwTickPrio                               0x2000000c   Data           4  stm32f4xx_hal.o(.data)
    uwTickFreq                               0x20000010   Data           1  stm32f4xx_hal.o(.data)
    SystemCoreClock                          0x20000014   Data           4  system_stm32f4xx.o(.data)
    pxCurrentTCB                             0x20000018   Data           4  tasks.o(.data)
    uart1_rx_data_frame_len                  0x20000080   Data           4  drv_uart.o(.data)
    uart2_rx_data_frame_len                  0x20000084   Data           4  drv_uart.o(.data)
    uart3_rx_data_frame_len                  0x20000088   Data           4  drv_uart.o(.data)
    uart4_rx_data_frame_len                  0x2000008c   Data           4  drv_uart.o(.data)
    uart5_rx_data_frame_len                  0x20000090   Data           4  drv_uart.o(.data)
    uart6_rx_data_frame_len                  0x20000094   Data           4  drv_uart.o(.data)
    callback_busy                            0x20000098   Data           1  drv_uart.o(.data)
    current_huart                            0x2000009c   Data           4  drv_uart.o(.data)
    d_theta                                  0x20000100   Data           4  trackingtask.o(.data)
    error_occur                              0x20000104   Data           4  trackingtask.o(.data)
    total_count                              0x20000108   Data           4  trackingtask.o(.data)
    LossPackRate                             0x2000010c   Data           4  trackingtask.o(.data)
    forward_angle                            0x20000110   Data           2  trackingtask.o(.data)
    start2end                                0x20000112   Data           2  trackingtask.o(.data)
    target_index                             0x20000114   Data           2  trackingtask.o(.data)
    timeline                                 0x20000118   Data           4  trackingtask.o(.data)
    dt                                       0x20000120   Data           8  trackingtask.o(.data)
    debug__                                  0x20000128   Data           4  trackingtask.o(.data)
    huart4                                   0x20000380   Data          72  usart.o(.bss)
    huart5                                   0x200003c8   Data          72  usart.o(.bss)
    hdma_uart4_rx                            0x20000410   Data          96  usart.o(.bss)
    hdma_uart4_tx                            0x20000470   Data          96  usart.o(.bss)
    hdma_uart5_rx                            0x200004d0   Data          96  usart.o(.bss)
    hdma_uart5_tx                            0x20000530   Data          96  usart.o(.bss)
    htim1                                    0x20000590   Data          72  stm32f4xx_hal_timebase_tim.o(.bss)
    uart1_rx_buf                             0x200042c8   Data         400  drv_uart.o(.bss)
    uart2_rx_buf                             0x20004458   Data         400  drv_uart.o(.bss)
    uart3_rx_buf                             0x200045e8   Data         400  drv_uart.o(.bss)
    uart4_rx_buf                             0x20004778   Data         400  drv_uart.o(.bss)
    uart5_rx_buf                             0x20004908   Data         400  drv_uart.o(.bss)
    uart6_rx_buf                             0x20004a98   Data         400  drv_uart.o(.bss)
    N10laser_                                0x20004c28   Data          58  trackingtask.o(.bss)
    polar_coordinate_points                  0x20004c62   Data        8000  trackingtask.o(.bss)
    sorted_points                            0x20006ba2   Data        8000  trackingtask.o(.bss)
    modified_points                          0x20008ae2   Data        1440  trackingtask.o(.bss)
    cuvatures                                0x20009084   Data         720  trackingtask.o(.bss)
    __libspace_start                         0x20009354   Data          96  libspace.o(.bss)
    __temporary_stack_top$libspace           0x200093b4   Data           0  libspace.o(.bss)



==============================================================================

Memory Map of the image

  Image Entry point : 0x08000189

  Load Region LR_IROM1 (Base: 0x08000000, Size: 0x00004f68, Max: 0x00080000, ABSOLUTE, COMPRESSED[0x00004e54])

    Execution Region ER_IROM1 (Exec base: 0x08000000, Load base: 0x08000000, Size: 0x00004e3c, Max: 0x00080000, ABSOLUTE)

    Exec Addr    Load Addr    Size         Type   Attr      Idx    E Section Name        Object

    0x08000000   0x08000000   0x00000188   Data   RO            3    RESET               startup_stm32f407xx.o
    0x08000188   0x08000188   0x00000008   Code   RO         4817  * !!!main             c_w.l(__main.o)
    0x08000190   0x08000190   0x00000034   Code   RO         5027    !!!scatter          c_w.l(__scatter.o)
    0x080001c4   0x080001c4   0x0000003a   Code   RO         5025    !!dczerorl          c_w.l(__dczerorl.o)
    0x080001fe   0x080001fe   0x00000002   PAD
    0x08000200   0x08000200   0x0000001c   Code   RO         5029    !!handler_zi        c_w.l(__scatter_zi.o)
    0x0800021c   0x0800021c   0x00000002   Code   RO         4893    .ARM.Collect$$libinit$$00000000  c_w.l(libinit.o)
    0x0800021e   0x0800021e   0x00000004   Code   RO         4905    .ARM.Collect$$libinit$$00000001  c_w.l(libinit2.o)
    0x08000222   0x08000222   0x00000000   Code   RO         4908    .ARM.Collect$$libinit$$00000004  c_w.l(libinit2.o)
    0x08000222   0x08000222   0x00000000   Code   RO         4911    .ARM.Collect$$libinit$$0000000A  c_w.l(libinit2.o)
    0x08000222   0x08000222   0x00000000   Code   RO         4913    .ARM.Collect$$libinit$$0000000C  c_w.l(libinit2.o)
    0x08000222   0x08000222   0x00000000   Code   RO         4915    .ARM.Collect$$libinit$$0000000E  c_w.l(libinit2.o)
    0x08000222   0x08000222   0x00000000   Code   RO         4918    .ARM.Collect$$libinit$$00000011  c_w.l(libinit2.o)
    0x08000222   0x08000222   0x00000000   Code   RO         4920    .ARM.Collect$$libinit$$00000013  c_w.l(libinit2.o)
    0x08000222   0x08000222   0x00000000   Code   RO         4922    .ARM.Collect$$libinit$$00000015  c_w.l(libinit2.o)
    0x08000222   0x08000222   0x00000000   Code   RO         4924    .ARM.Collect$$libinit$$00000017  c_w.l(libinit2.o)
    0x08000222   0x08000222   0x00000000   Code   RO         4926    .ARM.Collect$$libinit$$00000019  c_w.l(libinit2.o)
    0x08000222   0x08000222   0x00000000   Code   RO         4928    .ARM.Collect$$libinit$$0000001B  c_w.l(libinit2.o)
    0x08000222   0x08000222   0x00000000   Code   RO         4930    .ARM.Collect$$libinit$$0000001D  c_w.l(libinit2.o)
    0x08000222   0x08000222   0x00000000   Code   RO         4932    .ARM.Collect$$libinit$$0000001F  c_w.l(libinit2.o)
    0x08000222   0x08000222   0x00000000   Code   RO         4934    .ARM.Collect$$libinit$$00000021  c_w.l(libinit2.o)
    0x08000222   0x08000222   0x00000000   Code   RO         4936    .ARM.Collect$$libinit$$00000023  c_w.l(libinit2.o)
    0x08000222   0x08000222   0x00000000   Code   RO         4938    .ARM.Collect$$libinit$$00000025  c_w.l(libinit2.o)
    0x08000222   0x08000222   0x00000000   Code   RO         4942    .ARM.Collect$$libinit$$0000002C  c_w.l(libinit2.o)
    0x08000222   0x08000222   0x00000000   Code   RO         4944    .ARM.Collect$$libinit$$0000002E  c_w.l(libinit2.o)
    0x08000222   0x08000222   0x00000000   Code   RO         4946    .ARM.Collect$$libinit$$00000030  c_w.l(libinit2.o)
    0x08000222   0x08000222   0x00000000   Code   RO         4948    .ARM.Collect$$libinit$$00000032  c_w.l(libinit2.o)
    0x08000222   0x08000222   0x00000002   Code   RO         4949    .ARM.Collect$$libinit$$00000033  c_w.l(libinit2.o)
    0x08000224   0x08000224   0x00000002   Code   RO         4980    .ARM.Collect$$libshutdown$$00000000  c_w.l(libshutdown.o)
    0x08000226   0x08000226   0x00000000   Code   RO         5006    .ARM.Collect$$libshutdown$$00000002  c_w.l(libshutdown2.o)
    0x08000226   0x08000226   0x00000000   Code   RO         5008    .ARM.Collect$$libshutdown$$00000004  c_w.l(libshutdown2.o)
    0x08000226   0x08000226   0x00000000   Code   RO         5010    .ARM.Collect$$libshutdown$$00000006  c_w.l(libshutdown2.o)
    0x08000226   0x08000226   0x00000000   Code   RO         5013    .ARM.Collect$$libshutdown$$00000009  c_w.l(libshutdown2.o)
    0x08000226   0x08000226   0x00000000   Code   RO         5016    .ARM.Collect$$libshutdown$$0000000C  c_w.l(libshutdown2.o)
    0x08000226   0x08000226   0x00000000   Code   RO         5018    .ARM.Collect$$libshutdown$$0000000E  c_w.l(libshutdown2.o)
    0x08000226   0x08000226   0x00000000   Code   RO         5021    .ARM.Collect$$libshutdown$$00000011  c_w.l(libshutdown2.o)
    0x08000226   0x08000226   0x00000002   Code   RO         5022    .ARM.Collect$$libshutdown$$00000012  c_w.l(libshutdown2.o)
    0x08000228   0x08000228   0x00000000   Code   RO         4847    .ARM.Collect$$rtentry$$00000000  c_w.l(__rtentry.o)
    0x08000228   0x08000228   0x00000000   Code   RO         4864    .ARM.Collect$$rtentry$$00000002  c_w.l(__rtentry2.o)
    0x08000228   0x08000228   0x00000006   Code   RO         4876    .ARM.Collect$$rtentry$$00000004  c_w.l(__rtentry4.o)
    0x0800022e   0x0800022e   0x00000000   Code   RO         4866    .ARM.Collect$$rtentry$$00000009  c_w.l(__rtentry2.o)
    0x0800022e   0x0800022e   0x00000004   Code   RO         4867    .ARM.Collect$$rtentry$$0000000A  c_w.l(__rtentry2.o)
    0x08000232   0x08000232   0x00000000   Code   RO         4869    .ARM.Collect$$rtentry$$0000000C  c_w.l(__rtentry2.o)
    0x08000232   0x08000232   0x00000008   Code   RO         4870    .ARM.Collect$$rtentry$$0000000D  c_w.l(__rtentry2.o)
    0x0800023a   0x0800023a   0x00000002   Code   RO         4897    .ARM.Collect$$rtexit$$00000000  c_w.l(rtexit.o)
    0x0800023c   0x0800023c   0x00000000   Code   RO         4953    .ARM.Collect$$rtexit$$00000002  c_w.l(rtexit2.o)
    0x0800023c   0x0800023c   0x00000004   Code   RO         4954    .ARM.Collect$$rtexit$$00000003  c_w.l(rtexit2.o)
    0x08000240   0x08000240   0x00000006   Code   RO         4955    .ARM.Collect$$rtexit$$00000004  c_w.l(rtexit2.o)
    0x08000246   0x08000246   0x00000002   PAD
    0x08000248   0x08000248   0x000000be   Code   RO         4478    .emb_text           port.o
    0x08000306   0x08000306   0x00000002   PAD
    0x08000308   0x08000308   0x00000040   Code   RO            4    .text               startup_stm32f407xx.o
    0x08000348   0x08000348   0x000000ee   Code   RO         4805    .text               c_w.l(lludivv7m.o)
    0x08000436   0x08000436   0x0000008a   Code   RO         4807    .text               c_w.l(rt_memcpy_v6.o)
    0x080004c0   0x080004c0   0x00000064   Code   RO         4809    .text               c_w.l(rt_memcpy_w.o)
    0x08000524   0x08000524   0x0000004e   Code   RO         4813    .text               c_w.l(rt_memclr_w.o)
    0x08000572   0x08000572   0x00000006   Code   RO         4815    .text               c_w.l(heapauxi.o)
    0x08000578   0x08000578   0x0000004a   Code   RO         4880    .text               c_w.l(sys_stackheap_outer.o)
    0x080005c2   0x080005c2   0x00000012   Code   RO         4882    .text               c_w.l(exit.o)
    0x080005d4   0x080005d4   0x00000008   Code   RO         4894    .text               c_w.l(libspace.o)
    0x080005dc   0x080005dc   0x0000000c   Code   RO         4950    .text               c_w.l(sys_exit.o)
    0x080005e8   0x080005e8   0x00000002   Code   RO         4969    .text               c_w.l(use_no_semi.o)
    0x080005ea   0x080005ea   0x00000000   Code   RO         4971    .text               c_w.l(indicate_semi.o)
    0x080005ea   0x080005ea   0x00000004   Code   RO          488    i.BusFault_Handler  stm32f4xx_it.o
    0x080005ee   0x080005ee   0x00000002   PAD
    0x080005f0   0x080005f0   0x00000010   Code   RO          489    i.DMA1_Stream0_IRQHandler  stm32f4xx_it.o
    0x08000600   0x08000600   0x00000010   Code   RO          490    i.DMA1_Stream2_IRQHandler  stm32f4xx_it.o
    0x08000610   0x08000610   0x00000010   Code   RO          491    i.DMA1_Stream4_IRQHandler  stm32f4xx_it.o
    0x08000620   0x08000620   0x00000010   Code   RO          492    i.DMA1_Stream7_IRQHandler  stm32f4xx_it.o
    0x08000630   0x08000630   0x000003c0   Code   RO         4558    i.DMAEx_MultiBufferStart_NoIT  drv_uart.o
    0x080009f0   0x080009f0   0x00000034   Code   RO         1162    i.DMA_CalcBaseAndBitshift  stm32f4xx_hal_dma.o
    0x08000a24   0x08000a24   0x000000aa   Code   RO         1163    i.DMA_CheckFifoParam  stm32f4xx_hal_dma.o
    0x08000ace   0x08000ace   0x00000002   PAD
    0x08000ad0   0x08000ad0   0x0000002c   Code   RO         4559    i.DRV_UART_IRQHandler  drv_uart.o
    0x08000afc   0x08000afc   0x0000004c   Code   RO         4645    i.DWT_CNT_Update    bsp_dwt.o
    0x08000b48   0x08000b48   0x0000004c   Code   RO         4647    i.DWT_GetDeltaT     bsp_dwt.o
    0x08000b94   0x08000b94   0x00000070   Code   RO         4652    i.DWT_Init          bsp_dwt.o
    0x08000c04   0x08000c04   0x00000002   Code   RO          493    i.DebugMon_Handler  stm32f4xx_it.o
    0x08000c06   0x08000c06   0x00000006   Code   RO           13    i.Error_Handler     main.o
    0x08000c0c   0x08000c0c   0x000000bc   Code   RO         4721    i.GetCuvature       trackingtask.o
    0x08000cc8   0x08000cc8   0x00000024   Code   RO         4613    i.Get_CRC8_Check_Sum  crc8_8540.o
    0x08000cec   0x08000cec   0x000000ac   Code   RO         1165    i.HAL_DMA_Abort     stm32f4xx_hal_dma.o
    0x08000d98   0x08000d98   0x00000028   Code   RO         1166    i.HAL_DMA_Abort_IT  stm32f4xx_hal_dma.o
    0x08000dc0   0x08000dc0   0x00000240   Code   RO         1170    i.HAL_DMA_IRQHandler  stm32f4xx_hal_dma.o
    0x08001000   0x08001000   0x000000ec   Code   RO         1171    i.HAL_DMA_Init      stm32f4xx_hal_dma.o
    0x080010ec   0x080010ec   0x000001f4   Code   RO         1058    i.HAL_GPIO_Init     stm32f4xx_hal_gpio.o
    0x080012e0   0x080012e0   0x0000000c   Code   RO         1601    i.HAL_GetTick       stm32f4xx_hal.o
    0x080012ec   0x080012ec   0x00000018   Code   RO         1607    i.HAL_IncTick       stm32f4xx_hal.o
    0x08001304   0x08001304   0x0000003c   Code   RO         1608    i.HAL_Init          stm32f4xx_hal.o
    0x08001340   0x08001340   0x000000a0   Code   RO          619    i.HAL_InitTick      stm32f4xx_hal_timebase_tim.o
    0x080013e0   0x080013e0   0x00000054   Code   RO          595    i.HAL_MspInit       stm32f4xx_hal_msp.o
    0x08001434   0x08001434   0x00000028   Code   RO         1448    i.HAL_NVIC_EnableIRQ  stm32f4xx_hal_cortex.o
    0x0800145c   0x0800145c   0x0000007c   Code   RO         1454    i.HAL_NVIC_SetPriority  stm32f4xx_hal_cortex.o
    0x080014d8   0x080014d8   0x00000028   Code   RO         1455    i.HAL_NVIC_SetPriorityGrouping  stm32f4xx_hal_cortex.o
    0x08001500   0x08001500   0x00000184   Code   RO          659    i.HAL_RCC_ClockConfig  stm32f4xx_hal_rcc.o
    0x08001684   0x08001684   0x00000044   Code   RO          663    i.HAL_RCC_GetClockConfig  stm32f4xx_hal_rcc.o
    0x080016c8   0x080016c8   0x0000000c   Code   RO          664    i.HAL_RCC_GetHCLKFreq  stm32f4xx_hal_rcc.o
    0x080016d4   0x080016d4   0x00000020   Code   RO          666    i.HAL_RCC_GetPCLK1Freq  stm32f4xx_hal_rcc.o
    0x080016f4   0x080016f4   0x00000020   Code   RO          667    i.HAL_RCC_GetPCLK2Freq  stm32f4xx_hal_rcc.o
    0x08001714   0x08001714   0x000000b0   Code   RO          668    i.HAL_RCC_GetSysClockFreq  stm32f4xx_hal_rcc.o
    0x080017c4   0x080017c4   0x0000049c   Code   RO          671    i.HAL_RCC_OscConfig  stm32f4xx_hal_rcc.o
    0x08001c60   0x08001c60   0x00000002   Code   RO         2563    i.HAL_TIMEx_BreakCallback  stm32f4xx_hal_tim_ex.o
    0x08001c62   0x08001c62   0x00000002   Code   RO         2564    i.HAL_TIMEx_CommutCallback  stm32f4xx_hal_tim_ex.o
    0x08001c64   0x08001c64   0x00000066   Code   RO         1848    i.HAL_TIM_Base_Init  stm32f4xx_hal_tim.o
    0x08001cca   0x08001cca   0x00000002   Code   RO         1850    i.HAL_TIM_Base_MspInit  stm32f4xx_hal_tim.o
    0x08001ccc   0x08001ccc   0x000000a8   Code   RO         1853    i.HAL_TIM_Base_Start_IT  stm32f4xx_hal_tim.o
    0x08001d74   0x08001d74   0x00000002   Code   RO         1882    i.HAL_TIM_IC_CaptureCallback  stm32f4xx_hal_tim.o
    0x08001d76   0x08001d76   0x0000016c   Code   RO         1896    i.HAL_TIM_IRQHandler  stm32f4xx_hal_tim.o
    0x08001ee2   0x08001ee2   0x00000002   Code   RO         1899    i.HAL_TIM_OC_DelayElapsedCallback  stm32f4xx_hal_tim.o
    0x08001ee4   0x08001ee4   0x00000002   Code   RO         1926    i.HAL_TIM_PWM_PulseFinishedCallback  stm32f4xx_hal_tim.o
    0x08001ee6   0x08001ee6   0x00000002   PAD
    0x08001ee8   0x08001ee8   0x00000018   Code   RO           14    i.HAL_TIM_PeriodElapsedCallback  main.o
    0x08001f00   0x08001f00   0x00000002   Code   RO         1939    i.HAL_TIM_TriggerCallback  stm32f4xx_hal_tim.o
    0x08001f02   0x08001f02   0x00000002   Code   RO         2842    i.HAL_UARTEx_RxEventCallback  stm32f4xx_hal_uart.o
    0x08001f04   0x08001f04   0x00000002   Code   RO         2856    i.HAL_UART_ErrorCallback  stm32f4xx_hal_uart.o
    0x08001f06   0x08001f06   0x00000002   PAD
    0x08001f08   0x08001f08   0x000002e8   Code   RO         2859    i.HAL_UART_IRQHandler  stm32f4xx_hal_uart.o
    0x080021f0   0x080021f0   0x00000076   Code   RO         2860    i.HAL_UART_Init     stm32f4xx_hal_uart.o
    0x08002266   0x08002266   0x00000002   PAD
    0x08002268   0x08002268   0x00000258   Code   RO          441    i.HAL_UART_MspInit  usart.o
    0x080024c0   0x080024c0   0x00000002   Code   RO         2866    i.HAL_UART_RxCpltCallback  stm32f4xx_hal_uart.o
    0x080024c2   0x080024c2   0x00000002   Code   RO         2871    i.HAL_UART_TxCpltCallback  stm32f4xx_hal_uart.o
    0x080024c4   0x080024c4   0x00000004   Code   RO          494    i.HardFault_Handler  stm32f4xx_it.o
    0x080024c8   0x080024c8   0x00000068   Code   RO          413    i.MX_DMA_Init       dma.o
    0x08002530   0x08002530   0x00000044   Code   RO          324    i.MX_FREERTOS_Init  freertos.o
    0x08002574   0x08002574   0x00000084   Code   RO          207    i.MX_GPIO_Init      gpio.o
    0x080025f8   0x080025f8   0x00000038   Code   RO          442    i.MX_UART4_Init     usart.o
    0x08002630   0x08002630   0x00000038   Code   RO          443    i.MX_UART5_Init     usart.o
    0x08002668   0x08002668   0x00000004   Code   RO          495    i.MemManage_Handler  stm32f4xx_it.o
    0x0800266c   0x0800266c   0x000001d4   Code   RO         4722    i.N10laser_decode   trackingtask.o
    0x08002840   0x08002840   0x00000004   Code   RO          496    i.NMI_Handler       stm32f4xx_it.o
    0x08002844   0x08002844   0x0000000a   Code   RO          325    i.StartDefaultTask  freertos.o
    0x0800284e   0x0800284e   0x00000002   PAD
    0x08002850   0x08002850   0x00000130   Code   RO         4723    i.StartTrackingTask  trackingtask.o
    0x08002980   0x08002980   0x00000034   Code   RO         4479    i.SysTick_Handler   port.o
    0x080029b4   0x080029b4   0x000000b8   Code   RO           15    i.SystemClock_Config  main.o
    0x08002a6c   0x08002a6c   0x00000014   Code   RO         3204    i.SystemInit        system_stm32f4xx.o
    0x08002a80   0x08002a80   0x00000010   Code   RO          497    i.TIM1_UP_TIM10_IRQHandler  stm32f4xx_it.o
    0x08002a90   0x08002a90   0x000000e8   Code   RO         1941    i.TIM_Base_SetConfig  stm32f4xx_hal_tim.o
    0x08002b78   0x08002b78   0x00000010   Code   RO          498    i.UART4_IRQHandler  stm32f4xx_it.o
    0x08002b88   0x08002b88   0x00000014   Code   RO          499    i.UART5_IRQHandler  stm32f4xx_it.o
    0x08002b9c   0x08002b9c   0x00000014   Code   RO         2873    i.UART_DMAAbortOnError  stm32f4xx_hal_uart.o
    0x08002bb0   0x08002bb0   0x0000006c   Code   RO         2883    i.UART_EndRxTransfer  stm32f4xx_hal_uart.o
    0x08002c1c   0x08002c1c   0x00000020   Code   RO         2884    i.UART_EndTransmit_IT  stm32f4xx_hal_uart.o
    0x08002c3c   0x08002c3c   0x000000fc   Code   RO         2886    i.UART_Receive_IT   stm32f4xx_hal_uart.o
    0x08002d38   0x08002d38   0x0000022c   Code   RO         2887    i.UART_SetConfig    stm32f4xx_hal_uart.o
    0x08002f64   0x08002f64   0x00000060   Code   RO         2890    i.UART_Transmit_IT  stm32f4xx_hal_uart.o
    0x08002fc4   0x08002fc4   0x00000140   Code   RO         4560    i.USART_Init        drv_uart.o
    0x08003104   0x08003104   0x00000004   Code   RO          500    i.UsageFault_Handler  stm32f4xx_it.o
    0x08003108   0x08003108   0x0000002e   Code   RO         4614    i.Verify_CRC8_Check_Sum  crc8_8540.o
    0x08003136   0x08003136   0x00000002   PAD
    0x08003138   0x08003138   0x00000010   Code   RO         1461    i.__NVIC_GetPriorityGrouping  stm32f4xx_hal_cortex.o
    0x08003148   0x08003148   0x00000028   Code   RO         1462    i.__NVIC_SetPriority  stm32f4xx_hal_cortex.o
    0x08003170   0x08003170   0x00000014   Code   RO         4841    i.__hardfp_fabs     m_wm.l(fabs.o)
    0x08003184   0x08003184   0x0000006e   Code   RO         4724    i.bubble_sort       trackingtask.o
    0x080031f2   0x080031f2   0x00000002   PAD
    0x080031f4   0x080031f4   0x000000fc   Code   RO         4561    i.dma_m0_rxcplt_callback  drv_uart.o
    0x080032f0   0x080032f0   0x000000fc   Code   RO         4562    i.dma_m1_rxcplt_callback  drv_uart.o
    0x080033ec   0x080033ec   0x0000017c   Code   RO         4725    i.filter_point      trackingtask.o
    0x08003568   0x08003568   0x00000024   Code   RO           16    i.main              main.o
    0x0800358c   0x0800358c   0x0000000e   Code   RO         4044    i.makeFreeRtosPriority  cmsis_os.o
    0x0800359a   0x0800359a   0x00000018   Code   RO         4046    i.osDelay           cmsis_os.o
    0x080035b2   0x080035b2   0x0000000a   Code   RO         4049    i.osKernelStart     cmsis_os.o
    0x080035bc   0x080035bc   0x0000005e   Code   RO         4083    i.osThreadCreate    cmsis_os.o
    0x0800361a   0x0800361a   0x00000002   PAD
    0x0800361c   0x0800361c   0x00000098   Code   RO         3715    i.prvAddCurrentTaskToDelayedList  tasks.o
    0x080036b4   0x080036b4   0x000000b4   Code   RO         3716    i.prvAddNewTaskToReadyList  tasks.o
    0x08003768   0x08003768   0x00000048   Code   RO         3717    i.prvCheckTasksWaitingTermination  tasks.o
    0x080037b0   0x080037b0   0x00000050   Code   RO         3718    i.prvDeleteTCB      tasks.o
    0x08003800   0x08003800   0x0000007c   Code   RO         4411    i.prvHeapInit       heap_4.o
    0x0800387c   0x0800387c   0x00000028   Code   RO         3719    i.prvIdleTask       tasks.o
    0x080038a4   0x080038a4   0x000000b4   Code   RO         3720    i.prvInitialiseNewTask  tasks.o
    0x08003958   0x08003958   0x00000068   Code   RO         3721    i.prvInitialiseTaskLists  tasks.o
    0x080039c0   0x080039c0   0x00000068   Code   RO         4412    i.prvInsertBlockIntoFreeList  heap_4.o
    0x08003a28   0x08003a28   0x00000034   Code   RO         3722    i.prvResetNextTaskUnblockTime  tasks.o
    0x08003a5c   0x08003a5c   0x00000040   Code   RO         4480    i.prvTaskExitError  port.o
    0x08003a9c   0x08003a9c   0x0000014c   Code   RO         4413    i.pvPortMalloc      heap_4.o
    0x08003be8   0x08003be8   0x0000002c   Code   RO         4481    i.pxPortInitialiseStack  port.o
    0x08003c14   0x08003c14   0x0000012c   Code   RO         4563    i.uart_rx_idle_callback  drv_uart.o
    0x08003d40   0x08003d40   0x00000028   Code   RO         3341    i.uxListRemove      list.o
    0x08003d68   0x08003d68   0x00000018   Code   RO          326    i.vApplicationGetIdleTaskMemory  freertos.o
    0x08003d80   0x08003d80   0x0000001a   Code   RO         3342    i.vListInitialise   list.o
    0x08003d9a   0x08003d9a   0x00000006   Code   RO         3343    i.vListInitialiseItem  list.o
    0x08003da0   0x08003da0   0x00000034   Code   RO         3344    i.vListInsert       list.o
    0x08003dd4   0x08003dd4   0x00000018   Code   RO         3345    i.vListInsertEnd    list.o
    0x08003dec   0x08003dec   0x00000054   Code   RO         4483    i.vPortEnterCritical  port.o
    0x08003e40   0x08003e40   0x0000003c   Code   RO         4484    i.vPortExitCritical  port.o
    0x08003e7c   0x08003e7c   0x000000a4   Code   RO         4414    i.vPortFree         heap_4.o
    0x08003f20   0x08003f20   0x00000028   Code   RO         4485    i.vPortSetupTimerInterrupt  port.o
    0x08003f48   0x08003f48   0x0000005c   Code   RO         3731    i.vTaskDelay        tasks.o
    0x08003fa4   0x08003fa4   0x000000b0   Code   RO         3744    i.vTaskStartScheduler  tasks.o
    0x08004054   0x08004054   0x00000010   Code   RO         3746    i.vTaskSuspendAll   tasks.o
    0x08004064   0x08004064   0x0000008c   Code   RO         3747    i.vTaskSwitchContext  tasks.o
    0x080040f0   0x080040f0   0x00000168   Code   RO         4487    i.xPortStartScheduler  port.o
    0x08004258   0x08004258   0x00000064   Code   RO         3750    i.xTaskCreate       tasks.o
    0x080042bc   0x080042bc   0x000000ba   Code   RO         3751    i.xTaskCreateStatic  tasks.o
    0x08004376   0x08004376   0x00000002   PAD
    0x08004378   0x08004378   0x00000148   Code   RO         3758    i.xTaskIncrementTick  tasks.o
    0x080044c0   0x080044c0   0x00000104   Code   RO         3764    i.xTaskResumeAll    tasks.o
    0x080045c4   0x080045c4   0x00000150   Code   RO         4819    x$fpl$dadd          fz_wm.l(daddsub_clz.o)
    0x08004714   0x08004714   0x00000018   Code   RO         4854    x$fpl$dcmpinf       fz_wm.l(dcmpi.o)
    0x0800472c   0x0800472c   0x0000002e   Code   RO         4830    x$fpl$dflt          fz_wm.l(dflt_clz.o)
    0x0800475a   0x0800475a   0x00000002   PAD
    0x0800475c   0x0800475c   0x00000078   Code   RO         4835    x$fpl$dleqf         fz_wm.l(dleqf.o)
    0x080047d4   0x080047d4   0x00000154   Code   RO         4837    x$fpl$dmul          fz_wm.l(dmul.o)
    0x08004928   0x08004928   0x0000009c   Code   RO         4856    x$fpl$dnaninf       fz_wm.l(dnaninf.o)
    0x080049c4   0x080049c4   0x0000000c   Code   RO         4858    x$fpl$dretinf       fz_wm.l(dretinf.o)
    0x080049d0   0x080049d0   0x000001d4   Code   RO         4821    x$fpl$dsub          fz_wm.l(daddsub_clz.o)
    0x08004ba4   0x08004ba4   0x00000056   Code   RO         4839    x$fpl$f2d           fz_wm.l(f2d.o)
    0x08004bfa   0x08004bfa   0x0000008c   Code   RO         4860    x$fpl$fnaninf       fz_wm.l(fnaninf.o)
    0x08004c86   0x08004c86   0x0000000a   Code   RO         4965    x$fpl$fpinit        fz_wm.l(fpinit.o)
    0x08004c90   0x08004c90   0x00000000   Code   RO         4862    x$fpl$usenofp       fz_wm.l(usenofp.o)
    0x08004c90   0x08004c90   0x00000038   Data   RO          328    .constdata          freertos.o
    0x08004cc8   0x08004cc8   0x00000008   Data   RO         1177    .constdata          stm32f4xx_hal_dma.o
    0x08004cd0   0x08004cd0   0x00000018   Data   RO         3205    .constdata          system_stm32f4xx.o
    0x08004ce8   0x08004ce8   0x00000101   Data   RO         4615    .constdata          crc8_8540.o
    0x08004de9   0x08004de9   0x00000003   PAD
    0x08004dec   0x08004dec   0x00000018   Data   RO         4729    .constdata          trackingtask.o
    0x08004e04   0x08004e04   0x00000018   Data   RO          329    .conststring        freertos.o
    0x08004e1c   0x08004e1c   0x00000020   Data   RO         5023    Region$$Table       anon$$obj.o


    Execution Region RW_IRAM1 (Exec base: 0x20000000, Load base: 0x08004e3c, Size: 0x000099b8, Max: 0x0001c000, ABSOLUTE, COMPRESSED[0x00000018])

    Exec Addr    Load Addr    Size         Type   Attr      Idx    E Section Name        Object

    0x20000000   COMPRESSED   0x00000008   Data   RW          330    .data               freertos.o
    0x20000008   COMPRESSED   0x00000009   Data   RW         1615    .data               stm32f4xx_hal.o
    0x20000011   COMPRESSED   0x00000003   PAD
    0x20000014   COMPRESSED   0x00000004   Data   RW         3206    .data               system_stm32f4xx.o
    0x20000018   COMPRESSED   0x0000003c   Data   RW         3767    .data               tasks.o
    0x20000054   COMPRESSED   0x00000020   Data   RW         4420    .data               heap_4.o
    0x20000074   COMPRESSED   0x0000000c   Data   RW         4488    .data               port.o
    0x20000080   COMPRESSED   0x00000038   Data   RW         4565    .data               drv_uart.o
    0x200000b8   COMPRESSED   0x00000048   Data   RW         4654    .data               bsp_dwt.o
    0x20000100   COMPRESSED   0x0000002c   Data   RW         4730    .data               trackingtask.o
    0x2000012c        -       0x00000254   Zero   RW          327    .bss                freertos.o
    0x20000380        -       0x00000210   Zero   RW          444    .bss                usart.o
    0x20000590        -       0x00000048   Zero   RW          622    .bss                stm32f4xx_hal_timebase_tim.o
    0x200005d8        -       0x000000f0   Zero   RW         3766    .bss                tasks.o
    0x200006c8        -       0x00003c00   Zero   RW         4419    .bss                heap_4.o
    0x200042c8        -       0x00000960   Zero   RW         4564    .bss                drv_uart.o
    0x20004c28        -       0x0000472c   Zero   RW         4728    .bss                trackingtask.o
    0x20009354        -       0x00000060   Zero   RW         4895    .bss                c_w.l(libspace.o)
    0x200093b4   COMPRESSED   0x00000004   PAD
    0x200093b8        -       0x00000200   Zero   RW            2    HEAP                startup_stm32f407xx.o
    0x200095b8        -       0x00000400   Zero   RW            1    STACK               startup_stm32f407xx.o


    Execution Region RW_IRAM2 (Exec base: 0x2001c000, Load base: 0x08004e54, Size: 0x00000000, Max: 0x00004000, ABSOLUTE)

    **** No section assigned to this execution region ****


==============================================================================

Image component sizes


      Code (inc. data)   RO Data    RW Data    ZI Data      Debug   Object Name

       264         56          0         72          0       3435   bsp_dwt.o
       142          0          0          0          0      23219   cmsis_os.o
        82          6        257          0          0       2095   crc8_8540.o
       104          4          0          0          0        834   dma.o
      2128        310          0         56       2400       6163   drv_uart.o
         0          0          0          0          0      16980   event_groups.o
       102         24         80          8        596      34521   freertos.o
       132          6          0          0          0     687279   gpio.o
       724         74          0         32      15360       7575   heap_4.o
       148          0          0          0          0       3702   list.o
       250         16          0          0          0     686340   main.o
       894         78          0         12          0      11404   port.o
        64         26        392          0       1536        868   startup_stm32f407xx.o
        96         20          0          9          0       8222   stm32f4xx_hal.o
       260         22          0          0          0      33694   stm32f4xx_hal_cortex.o
      1246         16          8          0          0       5535   stm32f4xx_hal_dma.o
       500         46          0          0          0       1500   stm32f4xx_hal_gpio.o
        84          6          0          0          0        906   stm32f4xx_hal_msp.o
      1888         94          0          0          0       6461   stm32f4xx_hal_rcc.o
       876         76          0          0          0       6854   stm32f4xx_hal_tim.o
         4          0          0          0          0       1669   stm32f4xx_hal_tim_ex.o
       160         20          0          0         72       1499   stm32f4xx_hal_timebase_tim.o
      1934         14          0          0          0       9884   stm32f4xx_hal_uart.o
       138         40          0          0          0       6650   stm32f4xx_it.o
         0          0          0          0          0        384   stream_buffer.o
        20          6         24          4          0       1199   system_stm32f4xx.o
      2158        270          0         60        240      20869   tasks.o
      1450        112         24         44      18220      20114   trackingtask.o
       712         60          0          0        528       2883   usart.o

    ----------------------------------------------------------------------
     16582       1402        820        300      38952    1612738   Object Totals
         0          0         32          0          0          0   (incl. Generated)
        22          0          3          3          0          0   (incl. Padding)

    ----------------------------------------------------------------------

      Code (inc. data)   RO Data    RW Data    ZI Data      Debug   Library Member Name

        58          0          0          0          0          0   __dczerorl.o
         8          0          0          0          0         68   __main.o
         0          0          0          0          0          0   __rtentry.o
        12          0          0          0          0          0   __rtentry2.o
         6          0          0          0          0          0   __rtentry4.o
        52          8          0          0          0          0   __scatter.o
        28          0          0          0          0          0   __scatter_zi.o
        18          0          0          0          0         80   exit.o
         6          0          0          0          0        152   heapauxi.o
         0          0          0          0          0          0   indicate_semi.o
         2          0          0          0          0          0   libinit.o
         6          0          0          0          0          0   libinit2.o
         2          0          0          0          0          0   libshutdown.o
         2          0          0          0          0          0   libshutdown2.o
         8          4          0          0         96         68   libspace.o
       238          0          0          0          0        100   lludivv7m.o
        78          0          0          0          0         80   rt_memclr_w.o
       138          0          0          0          0         68   rt_memcpy_v6.o
       100          0          0          0          0         80   rt_memcpy_w.o
         2          0          0          0          0          0   rtexit.o
        10          0          0          0          0          0   rtexit2.o
        12          4          0          0          0         68   sys_exit.o
        74          0          0          0          0         80   sys_stackheap_outer.o
         2          0          0          0          0         68   use_no_semi.o
       804         16          0          0          0        368   daddsub_clz.o
        24          0          0          0          0        116   dcmpi.o
        46          0          0          0          0        116   dflt_clz.o
       120          4          0          0          0        140   dleqf.o
       340         12          0          0          0        152   dmul.o
       156          4          0          0          0        140   dnaninf.o
        12          0          0          0          0        116   dretinf.o
        86          4          0          0          0        132   f2d.o
       140          4          0          0          0        132   fnaninf.o
        10          0          0          0          0        116   fpinit.o
         0          0          0          0          0          0   usenofp.o
        20          0          0          0          0        124   fabs.o

    ----------------------------------------------------------------------
      2626         60          0          0        100       2564   Library Totals
         6          0          0          0          4          0   (incl. Padding)

    ----------------------------------------------------------------------

      Code (inc. data)   RO Data    RW Data    ZI Data      Debug   Library Name

       862         16          0          0         96        912   c_w.l
      1738         44          0          0          0       1528   fz_wm.l
        20          0          0          0          0        124   m_wm.l

    ----------------------------------------------------------------------
      2626         60          0          0        100       2564   Library Totals

    ----------------------------------------------------------------------

==============================================================================


      Code (inc. data)   RO Data    RW Data    ZI Data      Debug   

     19208       1462        820        300      39052    1602138   Grand Totals
     19208       1462        820         24      39052    1602138   ELF Image Totals (compressed)
     19208       1462        820         24          0          0   ROM Totals

==============================================================================

    Total RO  Size (Code + RO Data)                20028 (  19.56kB)
    Total RW  Size (RW Data + ZI Data)             39352 (  38.43kB)
    Total ROM Size (Code + RO Data + RW Data)      20052 (  19.58kB)

==============================================================================

